=== [2026-08-02 07:29:32] START target 1279 ===
Warning: You are sending unauthenticated requests to the HF Hub. Please set a HF_TOKEN to enable higher rate limits and faster downloads.
Loading weights:   0%|          | 0/339 [00:00<?, ?it/s]Loading weights:   1%|▏         | 5/339 [00:00<00:07, 47.50it/s]Loading weights:  17%|█▋        | 58/339 [00:00<00:00, 323.49it/s]Loading weights:  30%|██▉       | 101/339 [00:00<00:00, 367.53it/s]Loading weights:  44%|████▎     | 148/339 [00:00<00:00, 369.90it/s]Loading weights:  58%|█████▊    | 196/339 [00:00<00:00, 382.36it/s]Loading weights:  69%|██████▉   | 235/339 [00:00<00:00, 362.34it/s]Loading weights:  80%|████████  | 272/339 [00:00<00:00, 356.53it/s]Loading weights:  91%|█████████▏| 310/339 [00:00<00:00, 361.86it/s]Loading weights: 100%|██████████| 339/339 [00:00<00:00, 355.84it/s]
/workspace/kokkai_analysis/research/polis/bo_merge_coeffs.py:107: ExperimentalWarning: GPSampler is experimental (supported from v3.6.0). The interface can change in the future.
  return "gp", GPSampler(seed=seed, n_startup_trials=n_start)
target=1279  anchors=['152_qwen7b', '2377_qwen7b', '3631_qwen7b', '5520_qwen7b']  n_groups=3  dims=12  sampler=gp  train=30 test=30  exclude_target=False

================ held-out test NLL (lower=better) ================
  base (no adapter)      2.2648
  uniform merge          2.7738
  best single anchor     2.1763   (2377_qwen7b)
  BO layer-group merge   2.3638   (train 2.3506)

  BO vs uniform:  +0.4101   BO vs best-single: -0.1875

best coefficients [anchor x group]:
                  g0      g1      g2
  152_qwen7b           0.473   0.546   0.855
  2377_qwen7b          0.658   1.483   0.153
  3631_qwen7b          0.313   0.242   0.980
  5520_qwen7b          0.380   0.699   0.367

===== §4.4 UTAS headline metric — target 1279 (2024HoR, 33 answered items) =====
  config                             MAE(E)  MAE(arg)  within1   exact
  base                                1.375     1.606    0.424   0.273
  uniform                             1.089     1.545    0.576   0.121
  best-single(2377_qwen7b)            1.301     1.515    0.606   0.121
  BO                                  1.243     1.576    0.576   0.121
  NB: at 0.5B the UTAS metric is degenerate (E pinned ~3.0); this proves the merge→metric path, decisive numbers are a 7–8B task.
=== [2026-08-02 07:31:22] END target 1279 rc=0 ===
