=== [2026-08-03 04:19:40] START target 1551 ===
Warning: You are sending unauthenticated requests to the HF Hub. Please set a HF_TOKEN to enable higher rate limits and faster downloads.
Loading weights:   0%|          | 0/339 [00:00<?, ?it/s]Loading weights:   1%|▏         | 5/339 [00:00<00:07, 47.69it/s]Loading weights:  16%|█▌        | 53/339 [00:00<00:01, 281.92it/s]Loading weights:  27%|██▋       | 90/339 [00:00<00:00, 316.95it/s]Loading weights:  40%|████      | 136/339 [00:00<00:00, 361.86it/s]Loading weights:  51%|█████     | 173/339 [00:00<00:00, 358.28it/s]Loading weights:  62%|██████▏   | 209/339 [00:00<00:00, 314.71it/s]Loading weights:  74%|███████▎  | 250/339 [00:00<00:00, 341.45it/s]Loading weights:  84%|████████▍ | 285/339 [00:00<00:00, 336.14it/s]Loading weights:  94%|█████████▍| 320/339 [00:00<00:00, 339.91it/s]Loading weights: 100%|██████████| 339/339 [00:01<00:00, 332.69it/s]
/workspace/kokkai_analysis/research/polis/bo_merge_coeffs.py:148: ExperimentalWarning: GPSampler is experimental (supported from v3.6.0). The interface can change in the future.
  return "gp", GPSampler(seed=seed, n_startup_trials=n_start)
[nested-CV] target=1551 anchors=['152_qwen7b', '2377_qwen7b', '3631_qwen7b', '5520_qwen7b'] n_groups=3 dims=12 sampler=gp budget=30 folds=5 trials/fold=40 exclude_target=False

======== nested-CV held-out NLL (unbiased, lower=better) ========
  base             2.5741 ± 0.0794   per-fold [2.642, 2.478, 2.617, 2.478, 2.655]
  ICL              2.3869 ± 0.0885   per-fold [2.376, 2.301, 2.514, 2.285, 2.459]
  uniform          3.0489 ± 0.1139   per-fold [2.95, 2.966, 3.201, 2.952, 3.175]
  best-single      2.4529 ± 0.0840   per-fold [2.422, 2.391, 2.56, 2.348, 2.543]
  BO               2.4165 ± 0.0803   per-fold [2.408, 2.355, 2.522, 2.307, 2.49]
  best-single+ICL  2.3222 ± 0.0876   per-fold [2.265, 2.248, 2.462, 2.247, 2.389]
  BO+ICL           2.2965 ± 0.0828   per-fold [2.251, 2.22, 2.436, 2.23, 2.346]

  BO vs base (paired):        +0.1576 ± 0.0475
  BO vs best-single (paired): +0.0364 ± 0.0128
  BO vs ICL (paired):         -0.0295 ± 0.0151   [spec §4.3 baseline 2 — the kill criterion]
  BO+ICL vs ICL (paired):     +0.0904 ± 0.0251   [does the merge add anything prompting does not?]
  BO+ICL vs BO (paired):      +0.1200 ± 0.0322
  best-single+ICL vs ICL:     +0.0648 ± 0.0248   [control: is any merge enough, or the tuned one?]
  best-single picks per fold: ['152_qwen7b', '152_qwen7b', '152_qwen7b', '152_qwen7b', '152_qwen7b']
  NB: paired deltas across folds are the honest signal; at 0.5B adapters encode register not ideology, so absolute NLL gains are small (§4.4 note).
  [dump-picks] per-fold coefficients + NLLs -> specs/polis-low-resource-persona/artifacts/bo7b_picks/target_1551.json
=== [2026-08-03 04:30:10] END target 1551 rc=0 ===
