=== [2026-08-03 06:03:54] START target 3022 ===
Warning: You are sending unauthenticated requests to the HF Hub. Please set a HF_TOKEN to enable higher rate limits and faster downloads.
Loading weights:   0%|          | 0/339 [00:00<?, ?it/s]Loading weights:   1%|          | 4/339 [00:00<00:08, 37.86it/s]Loading weights:  16%|█▌        | 54/339 [00:00<00:00, 296.03it/s]Loading weights:  29%|██▉       | 100/339 [00:00<00:00, 364.95it/s]Loading weights:  40%|████      | 137/339 [00:00<00:00, 360.84it/s]Loading weights:  54%|█████▍    | 184/339 [00:00<00:00, 393.51it/s]Loading weights:  66%|██████▌   | 224/339 [00:00<00:00, 348.95it/s]Loading weights:  77%|███████▋  | 260/339 [00:00<00:00, 351.76it/s]Loading weights:  90%|████████▉ | 304/339 [00:00<00:00, 353.88it/s]Loading weights: 100%|██████████| 339/339 [00:00<00:00, 356.45it/s]
/workspace/kokkai_analysis/research/polis/bo_merge_coeffs.py:148: ExperimentalWarning: GPSampler is experimental (supported from v3.6.0). The interface can change in the future.
  return "gp", GPSampler(seed=seed, n_startup_trials=n_start)
[nested-CV] target=3022 anchors=['152_qwen7b', '2377_qwen7b', '3631_qwen7b', '5520_qwen7b'] n_groups=3 dims=12 sampler=gp budget=30 folds=5 trials/fold=40 exclude_target=False

======== nested-CV held-out NLL (unbiased, lower=better) ========
  base             2.2324 ± 0.2628   per-fold [1.962, 2.555, 2.449, 2.304, 1.892]
  ICL              1.6941 ± 0.1242   per-fold [1.634, 1.802, 1.821, 1.483, 1.731]
  uniform          2.5396 ± 0.2673   per-fold [2.414, 2.847, 2.716, 2.636, 2.085]
  best-single      2.0372 ± 0.2426   per-fold [1.855, 2.353, 2.207, 2.094, 1.678]
  BO               2.0183 ± 0.2217   per-fold [1.833, 2.32, 2.177, 2.049, 1.712]
  best-single+ICL  1.5872 ± 0.1426   per-fold [1.603, 1.685, 1.714, 1.314, 1.62]
  BO+ICL           1.6657 ± 0.1342   per-fold [1.613, 1.828, 1.786, 1.451, 1.651]

  BO vs base (paired):        +0.2142 ± 0.0526
  BO vs best-single (paired): +0.0189 ± 0.0278
  BO vs ICL (paired):         -0.3242 ± 0.2148   [spec §4.3 baseline 2 — the kill criterion]
  BO+ICL vs ICL (paired):     +0.0284 ± 0.0342   [does the merge add anything prompting does not?]
  BO+ICL vs BO (paired):      +0.3526 ± 0.1916
  best-single+ICL vs ICL:     +0.1069 ± 0.0443   [control: is any merge enough, or the tuned one?]
  best-single picks per fold: ['152_qwen7b', '152_qwen7b', '152_qwen7b', '152_qwen7b', '152_qwen7b']
  NB: paired deltas across folds are the honest signal; at 0.5B adapters encode register not ideology, so absolute NLL gains are small (§4.4 note).
  [dump-picks] per-fold coefficients + NLLs -> specs/polis-low-resource-persona/artifacts/bo7b_picks/target_3022.json
=== [2026-08-03 06:14:50] END target 3022 rc=0 ===
