=== [2026-08-03 02:52:38] START target 369 ===
Warning: You are sending unauthenticated requests to the HF Hub. Please set a HF_TOKEN to enable higher rate limits and faster downloads.
Loading weights:   0%|          | 0/339 [00:00<?, ?it/s]Loading weights:   1%|▏         | 5/339 [00:00<00:07, 47.57it/s]Loading weights:  15%|█▌        | 52/339 [00:00<00:00, 287.31it/s]Loading weights:  27%|██▋       | 90/339 [00:00<00:00, 320.94it/s]Loading weights:  37%|███▋      | 126/339 [00:00<00:00, 335.14it/s]Loading weights:  49%|████▉     | 166/339 [00:00<00:00, 353.25it/s]Loading weights:  60%|█████▉    | 202/339 [00:00<00:00, 328.41it/s]Loading weights:  70%|██████▉   | 236/339 [00:00<00:00, 323.41it/s]Loading weights:  80%|███████▉  | 270/339 [00:00<00:00, 319.76it/s]Loading weights:  90%|████████▉ | 305/339 [00:00<00:00, 327.61it/s]Loading weights: 100%|██████████| 339/339 [00:01<00:00, 327.77it/s]
/workspace/kokkai_analysis/research/polis/bo_merge_coeffs.py:148: ExperimentalWarning: GPSampler is experimental (supported from v3.6.0). The interface can change in the future.
  return "gp", GPSampler(seed=seed, n_startup_trials=n_start)
[nested-CV] target=369 anchors=['152_qwen7b', '2377_qwen7b', '3631_qwen7b', '5520_qwen7b'] n_groups=3 dims=12 sampler=gp budget=30 folds=5 trials/fold=40 exclude_target=False

======== nested-CV held-out NLL (unbiased, lower=better) ========
  base             2.2113 ± 0.1932   per-fold [2.04, 2.561, 2.141, 2.267, 2.047]
  ICL              1.9550 ± 0.2634   per-fold [1.647, 2.405, 1.972, 2.011, 1.74]
  uniform          2.5379 ± 0.2095   per-fold [2.291, 2.896, 2.473, 2.627, 2.403]
  best-single      2.0281 ± 0.2167   per-fold [1.736, 2.393, 2.012, 2.085, 1.914]
  BO               1.9929 ± 0.2297   per-fold [1.689, 2.381, 1.993, 2.045, 1.857]
  best-single+ICL  1.8880 ± 0.2697   per-fold [1.521, 2.326, 1.91, 1.969, 1.715]
  BO+ICL           1.8567 ± 0.2679   per-fold [1.491, 2.29, 1.893, 1.928, 1.681]

  BO vs base (paired):        +0.2185 ± 0.0702
  BO vs best-single (paired): +0.0352 ± 0.0170
  BO vs ICL (paired):         -0.0378 ± 0.0456   [spec §4.3 baseline 2 — the kill criterion]
  BO+ICL vs ICL (paired):     +0.0983 ± 0.0338   [does the merge add anything prompting does not?]
  BO+ICL vs BO (paired):      +0.1361 ± 0.0429
  best-single+ICL vs ICL:     +0.0671 ± 0.0348   [control: is any merge enough, or the tuned one?]
  best-single picks per fold: ['5520_qwen7b', '5520_qwen7b', '5520_qwen7b', '5520_qwen7b', '152_qwen7b']
  NB: paired deltas across folds are the honest signal; at 0.5B adapters encode register not ideology, so absolute NLL gains are small (§4.4 note).
  [dump-picks] per-fold coefficients + NLLs -> specs/polis-low-resource-persona/artifacts/bo7b_picks/target_369.json
=== [2026-08-03 03:03:08] END target 369 rc=0 ===
