=== [2026-08-03 05:43:33] START target 3245 ===
Warning: You are sending unauthenticated requests to the HF Hub. Please set a HF_TOKEN to enable higher rate limits and faster downloads.
Loading weights:   0%|          | 0/339 [00:00<?, ?it/s]Loading weights:   1%|▏         | 5/339 [00:00<00:07, 47.25it/s]Loading weights:  16%|█▌        | 53/339 [00:00<00:00, 289.97it/s]Loading weights:  28%|██▊       | 95/339 [00:00<00:00, 345.65it/s]Loading weights:  40%|███▉      | 135/339 [00:00<00:00, 356.08it/s]Loading weights:  51%|█████▏    | 174/339 [00:00<00:00, 358.13it/s]Loading weights:  62%|██████▏   | 210/339 [00:00<00:00, 329.78it/s]Loading weights:  73%|███████▎  | 246/339 [00:00<00:00, 338.85it/s]Loading weights:  83%|████████▎ | 282/339 [00:00<00:00, 339.65it/s]Loading weights:  94%|█████████▍| 318/339 [00:00<00:00, 344.83it/s]Loading weights: 100%|██████████| 339/339 [00:00<00:00, 339.84it/s]
/workspace/kokkai_analysis/research/polis/bo_merge_coeffs.py:148: ExperimentalWarning: GPSampler is experimental (supported from v3.6.0). The interface can change in the future.
  return "gp", GPSampler(seed=seed, n_startup_trials=n_start)
[nested-CV] target=3245 anchors=['152_qwen7b', '2377_qwen7b', '3631_qwen7b', '5520_qwen7b'] n_groups=3 dims=12 sampler=gp budget=30 folds=5 trials/fold=40 exclude_target=False

======== nested-CV held-out NLL (unbiased, lower=better) ========
  base             2.4420 ± 0.1370   per-fold [2.383, 2.285, 2.579, 2.333, 2.629]
  ICL              2.3157 ± 0.1485   per-fold [2.226, 2.185, 2.486, 2.176, 2.507]
  uniform          2.8831 ± 0.1746   per-fold [2.772, 2.784, 3.037, 2.682, 3.141]
  best-single      2.3346 ± 0.1327   per-fold [2.291, 2.239, 2.409, 2.181, 2.553]
  BO               2.3050 ± 0.1363   per-fold [2.262, 2.186, 2.391, 2.16, 2.525]
  best-single+ICL  2.2547 ± 0.1372   per-fold [2.176, 2.153, 2.377, 2.109, 2.458]
  BO+ICL           2.2338 ± 0.1360   per-fold [2.154, 2.117, 2.365, 2.104, 2.43]

  BO vs base (paired):        +0.1371 ± 0.0367
  BO vs best-single (paired): +0.0297 ± 0.0121
  BO vs ICL (paired):         +0.0108 ± 0.0453   [spec §4.3 baseline 2 — the kill criterion]
  BO+ICL vs ICL (paired):     +0.0820 ± 0.0195   [does the merge add anything prompting does not?]
  BO+ICL vs BO (paired):      +0.0712 ± 0.0293
  best-single+ICL vs ICL:     +0.0611 ± 0.0263   [control: is any merge enough, or the tuned one?]
  best-single picks per fold: ['152_qwen7b', '3631_qwen7b', '152_qwen7b', '152_qwen7b', '3631_qwen7b']
  NB: paired deltas across folds are the honest signal; at 0.5B adapters encode register not ideology, so absolute NLL gains are small (§4.4 note).
  [dump-picks] per-fold coefficients + NLLs -> specs/polis-low-resource-persona/artifacts/bo7b_picks/target_3245.json
=== [2026-08-03 05:53:44] END target 3245 rc=0 ===
