=== [2026-08-03 05:53:44] START target 989 ===
Warning: You are sending unauthenticated requests to the HF Hub. Please set a HF_TOKEN to enable higher rate limits and faster downloads.
Loading weights:   0%|          | 0/339 [00:00<?, ?it/s]Loading weights:   1%|          | 4/339 [00:00<00:08, 37.98it/s]Loading weights:  16%|█▌        | 53/339 [00:00<00:01, 280.61it/s]Loading weights:  29%|██▉       | 98/339 [00:00<00:00, 339.82it/s]Loading weights:  40%|████      | 137/339 [00:00<00:00, 348.48it/s]Loading weights:  51%|█████▏    | 174/339 [00:00<00:00, 344.49it/s]Loading weights:  62%|██████▏   | 209/339 [00:00<00:00, 322.32it/s]Loading weights:  72%|███████▏  | 245/339 [00:00<00:00, 328.55it/s]Loading weights:  83%|████████▎ | 281/339 [00:00<00:00, 328.40it/s]Loading weights:  94%|█████████▍| 318/339 [00:00<00:00, 332.19it/s]Loading weights: 100%|██████████| 339/339 [00:01<00:00, 330.16it/s]
/workspace/kokkai_analysis/research/polis/bo_merge_coeffs.py:148: ExperimentalWarning: GPSampler is experimental (supported from v3.6.0). The interface can change in the future.
  return "gp", GPSampler(seed=seed, n_startup_trials=n_start)
[nested-CV] target=989 anchors=['152_qwen7b', '2377_qwen7b', '3631_qwen7b', '5520_qwen7b'] n_groups=3 dims=12 sampler=gp budget=30 folds=5 trials/fold=40 exclude_target=False

======== nested-CV held-out NLL (unbiased, lower=better) ========
  base             2.7841 ± 0.2308   per-fold [2.351, 2.943, 2.871, 2.759, 2.996]
  ICL              2.6357 ± 0.2516   per-fold [2.165, 2.832, 2.661, 2.648, 2.872]
  uniform          3.1634 ± 0.1864   per-fold [2.816, 3.315, 3.14, 3.221, 3.326]
  best-single      2.6464 ± 0.2220   per-fold [2.218, 2.824, 2.737, 2.653, 2.799]
  BO               2.6307 ± 0.2283   per-fold [2.187, 2.796, 2.73, 2.649, 2.792]
  best-single+ICL  2.5655 ± 0.2446   per-fold [2.105, 2.761, 2.597, 2.582, 2.783]
  BO+ICL           2.5585 ± 0.2428   per-fold [2.096, 2.736, 2.605, 2.581, 2.775]

  BO vs base (paired):        +0.1534 ± 0.0309
  BO vs best-single (paired): +0.0157 ± 0.0117
  BO vs ICL (paired):         +0.0050 ± 0.0503   [spec §4.3 baseline 2 — the kill criterion]
  BO+ICL vs ICL (paired):     +0.0773 ± 0.0165   [does the merge add anything prompting does not?]
  BO+ICL vs BO (paired):      +0.0723 ± 0.0354
  best-single+ICL vs ICL:     +0.0702 ± 0.0099   [control: is any merge enough, or the tuned one?]
  best-single picks per fold: ['152_qwen7b', '152_qwen7b', '152_qwen7b', '152_qwen7b', '152_qwen7b']
  NB: paired deltas across folds are the honest signal; at 0.5B adapters encode register not ideology, so absolute NLL gains are small (§4.4 note).
  [dump-picks] per-fold coefficients + NLLs -> specs/polis-low-resource-persona/artifacts/bo7b_picks/target_989.json
=== [2026-08-03 06:03:54] END target 989 rc=0 ===
