=== [2026-08-03 02:32:17] START target 2053 ===
Warning: You are sending unauthenticated requests to the HF Hub. Please set a HF_TOKEN to enable higher rate limits and faster downloads.
Loading weights:   0%|          | 0/339 [00:00<?, ?it/s]Loading weights:   1%|          | 4/339 [00:00<00:08, 39.27it/s]Loading weights:  16%|█▌        | 53/339 [00:00<00:01, 275.31it/s]Loading weights:  28%|██▊       | 94/339 [00:00<00:00, 318.18it/s]Loading weights:  40%|████      | 136/339 [00:00<00:00, 346.10it/s]Loading weights:  51%|█████▏    | 174/339 [00:00<00:00, 346.91it/s]Loading weights:  62%|██████▏   | 209/339 [00:00<00:00, 321.52it/s]Loading weights:  72%|███████▏  | 245/339 [00:00<00:00, 327.82it/s]Loading weights:  83%|████████▎ | 281/339 [00:00<00:00, 321.67it/s]Loading weights:  94%|█████████▍| 318/339 [00:00<00:00, 335.26it/s]Loading weights: 100%|██████████| 339/339 [00:01<00:00, 328.13it/s]
/workspace/kokkai_analysis/research/polis/bo_merge_coeffs.py:148: ExperimentalWarning: GPSampler is experimental (supported from v3.6.0). The interface can change in the future.
  return "gp", GPSampler(seed=seed, n_startup_trials=n_start)
[nested-CV] target=2053 anchors=['152_qwen7b', '2377_qwen7b', '3631_qwen7b', '5520_qwen7b'] n_groups=3 dims=12 sampler=gp budget=30 folds=5 trials/fold=40 exclude_target=False

======== nested-CV held-out NLL (unbiased, lower=better) ========
  base             2.2520 ± 0.1305   per-fold [2.322, 2.18, 2.36, 2.369, 2.029]
  ICL              2.1798 ± 0.1458   per-fold [2.286, 2.11, 2.261, 2.316, 1.925]
  uniform          2.7990 ± 0.1568   per-fold [2.901, 2.829, 2.811, 2.951, 2.502]
  best-single      2.1878 ± 0.1389   per-fold [2.284, 2.131, 2.282, 2.302, 1.939]
  BO               2.1661 ± 0.1347   per-fold [2.25, 2.103, 2.246, 2.3, 1.931]
  best-single+ICL  2.1544 ± 0.1492   per-fold [2.274, 2.082, 2.245, 2.278, 1.893]
  BO+ICL           2.1316 ± 0.1402   per-fold [2.238, 2.06, 2.212, 2.259, 1.889]

  BO vs base (paired):        +0.0859 ± 0.0174
  BO vs best-single (paired): +0.0217 ± 0.0139
  BO vs ICL (paired):         +0.0137 ± 0.0137   [spec §4.3 baseline 2 — the kill criterion]
  BO+ICL vs ICL (paired):     +0.0482 ± 0.0067   [does the merge add anything prompting does not?]
  BO+ICL vs BO (paired):      +0.0345 ± 0.0119
  best-single+ICL vs ICL:     +0.0253 ± 0.0098   [control: is any merge enough, or the tuned one?]
  best-single picks per fold: ['152_qwen7b', '152_qwen7b', '152_qwen7b', '152_qwen7b', '152_qwen7b']
  NB: paired deltas across folds are the honest signal; at 0.5B adapters encode register not ideology, so absolute NLL gains are small (§4.4 note).
  [dump-picks] per-fold coefficients + NLLs -> specs/polis-low-resource-persona/artifacts/bo7b_picks/target_2053.json
=== [2026-08-03 02:42:29] END target 2053 rc=0 ===
