=== [2026-08-03 03:25:12] START target 688 ===
Warning: You are sending unauthenticated requests to the HF Hub. Please set a HF_TOKEN to enable higher rate limits and faster downloads.
Loading weights:   0%|          | 0/339 [00:00<?, ?it/s]Loading weights:   1%|▏         | 5/339 [00:00<00:07, 47.58it/s]Loading weights:  16%|█▌        | 53/339 [00:00<00:00, 289.99it/s]Loading weights:  26%|██▋       | 89/339 [00:00<00:00, 320.48it/s]Loading weights:  39%|███▉      | 132/339 [00:00<00:00, 362.99it/s]Loading weights:  50%|█████     | 171/339 [00:00<00:00, 364.87it/s]Loading weights:  61%|██████▏   | 208/339 [00:00<00:00, 338.50it/s]Loading weights:  72%|███████▏  | 243/339 [00:00<00:00, 336.95it/s]Loading weights:  83%|████████▎ | 280/339 [00:00<00:00, 341.53it/s]Loading weights:  93%|█████████▎| 316/339 [00:00<00:00, 339.39it/s]Loading weights: 100%|██████████| 339/339 [00:01<00:00, 337.11it/s]
/workspace/kokkai_analysis/research/polis/bo_merge_coeffs.py:148: ExperimentalWarning: GPSampler is experimental (supported from v3.6.0). The interface can change in the future.
  return "gp", GPSampler(seed=seed, n_startup_trials=n_start)
[nested-CV] target=688 anchors=['152_qwen7b', '2377_qwen7b', '3631_qwen7b', '5520_qwen7b'] n_groups=3 dims=12 sampler=gp budget=30 folds=5 trials/fold=40 exclude_target=False

======== nested-CV held-out NLL (unbiased, lower=better) ========
  base             2.2003 ± 0.0182   per-fold [2.175, 2.231, 2.204, 2.194, 2.198]
  ICL              2.0632 ± 0.0190   per-fold [2.059, 2.065, 2.073, 2.031, 2.089]
  uniform          2.6872 ± 0.0609   per-fold [2.627, 2.657, 2.725, 2.639, 2.788]
  best-single      2.1118 ± 0.0377   per-fold [2.069, 2.106, 2.133, 2.079, 2.172]
  BO               2.0864 ± 0.0372   per-fold [2.047, 2.102, 2.101, 2.042, 2.141]
  best-single+ICL  2.0196 ± 0.0527   per-fold [1.999, 2.004, 2.048, 1.945, 2.102]
  BO+ICL           2.0009 ± 0.0513   per-fold [1.994, 1.992, 2.029, 1.917, 2.073]

  BO vs base (paired):        +0.1140 ± 0.0322
  BO vs best-single (paired): +0.0254 ± 0.0115
  BO vs ICL (paired):         -0.0231 ± 0.0220   [spec §4.3 baseline 2 — the kill criterion]
  BO+ICL vs ICL (paired):     +0.0623 ± 0.0326   [does the merge add anything prompting does not?]
  BO+ICL vs BO (paired):      +0.0855 ± 0.0276
  best-single+ICL vs ICL:     +0.0437 ± 0.0347   [control: is any merge enough, or the tuned one?]
  best-single picks per fold: ['2377_qwen7b', '2377_qwen7b', '2377_qwen7b', '2377_qwen7b', '2377_qwen7b']
  NB: paired deltas across folds are the honest signal; at 0.5B adapters encode register not ideology, so absolute NLL gains are small (§4.4 note).
  [dump-picks] per-fold coefficients + NLLs -> specs/polis-low-resource-persona/artifacts/bo7b_picks/target_688.json
=== [2026-08-03 03:35:55] END target 688 rc=0 ===
