=== [2026-08-03 03:03:08] START target 2447 ===
Warning: You are sending unauthenticated requests to the HF Hub. Please set a HF_TOKEN to enable higher rate limits and faster downloads.
Loading weights:   0%|          | 0/339 [00:00<?, ?it/s]Loading weights:   1%|▏         | 5/339 [00:00<00:07, 47.62it/s]Loading weights:  16%|█▌        | 54/339 [00:00<00:00, 293.79it/s]Loading weights:  29%|██▉       | 99/339 [00:00<00:00, 356.66it/s]Loading weights:  41%|████      | 138/339 [00:00<00:00, 365.11it/s]Loading weights:  55%|█████▍    | 185/339 [00:00<00:00, 395.16it/s]Loading weights:  66%|██████▋   | 225/339 [00:00<00:00, 353.36it/s]Loading weights:  77%|███████▋  | 261/339 [00:00<00:00, 350.21it/s]Loading weights:  88%|████████▊ | 298/339 [00:00<00:00, 353.68it/s]Loading weights: 100%|██████████| 339/339 [00:00<00:00, 351.31it/s]
/workspace/kokkai_analysis/research/polis/bo_merge_coeffs.py:148: ExperimentalWarning: GPSampler is experimental (supported from v3.6.0). The interface can change in the future.
  return "gp", GPSampler(seed=seed, n_startup_trials=n_start)
[nested-CV] target=2447 anchors=['152_qwen7b', '2377_qwen7b', '3631_qwen7b', '5520_qwen7b'] n_groups=3 dims=12 sampler=gp budget=30 folds=5 trials/fold=40 exclude_target=False

======== nested-CV held-out NLL (unbiased, lower=better) ========
  base             2.4333 ± 0.0452   per-fold [2.428, 2.432, 2.486, 2.354, 2.467]
  ICL              2.2886 ± 0.0433   per-fold [2.263, 2.255, 2.323, 2.245, 2.356]
  uniform          2.8155 ± 0.0542   per-fold [2.799, 2.884, 2.777, 2.745, 2.872]
  best-single      2.3186 ± 0.0337   per-fold [2.302, 2.33, 2.348, 2.261, 2.352]
  BO               2.3017 ± 0.0339   per-fold [2.289, 2.313, 2.335, 2.242, 2.33]
  best-single+ICL  2.2351 ± 0.0326   per-fold [2.199, 2.227, 2.245, 2.213, 2.292]
  BO+ICL           2.2219 ± 0.0327   per-fold [2.187, 2.208, 2.237, 2.2, 2.278]

  BO vs base (paired):        +0.1316 ± 0.0142
  BO vs best-single (paired): +0.0168 ± 0.0034
  BO vs ICL (paired):         -0.0132 ± 0.0280   [spec §4.3 baseline 2 — the kill criterion]
  BO+ICL vs ICL (paired):     +0.0666 ± 0.0166   [does the merge add anything prompting does not?]
  BO+ICL vs BO (paired):      +0.0798 ± 0.0269
  best-single+ICL vs ICL:     +0.0535 ± 0.0193   [control: is any merge enough, or the tuned one?]
  best-single picks per fold: ['5520_qwen7b', '5520_qwen7b', '5520_qwen7b', '5520_qwen7b', '5520_qwen7b']
  NB: paired deltas across folds are the honest signal; at 0.5B adapters encode register not ideology, so absolute NLL gains are small (§4.4 note).
  [dump-picks] per-fold coefficients + NLLs -> specs/polis-low-resource-persona/artifacts/bo7b_picks/target_2447.json
=== [2026-08-03 03:14:21] END target 2447 rc=0 ===
