=== [2026-08-03 04:39:22] START target 230 ===
Warning: You are sending unauthenticated requests to the HF Hub. Please set a HF_TOKEN to enable higher rate limits and faster downloads.
Loading weights:   0%|          | 0/339 [00:00<?, ?it/s]Loading weights:   1%|▏         | 5/339 [00:00<00:07, 47.59it/s]Loading weights:  16%|█▌        | 53/339 [00:00<00:01, 283.79it/s]Loading weights:  27%|██▋       | 90/339 [00:00<00:00, 314.61it/s]Loading weights:  37%|███▋      | 125/339 [00:00<00:00, 327.95it/s]Loading weights:  48%|████▊     | 164/339 [00:00<00:00, 349.78it/s]Loading weights:  59%|█████▉    | 200/339 [00:00<00:00, 321.70it/s]Loading weights:  69%|██████▊   | 233/339 [00:00<00:00, 323.57it/s]Loading weights:  79%|███████▉  | 268/339 [00:00<00:00, 321.71it/s]Loading weights:  90%|████████▉ | 305/339 [00:00<00:00, 333.40it/s]Loading weights: 100%|██████████| 339/339 [00:01<00:00, 324.62it/s]
/workspace/kokkai_analysis/research/polis/bo_merge_coeffs.py:148: ExperimentalWarning: GPSampler is experimental (supported from v3.6.0). The interface can change in the future.
  return "gp", GPSampler(seed=seed, n_startup_trials=n_start)
[nested-CV] target=230 anchors=['152_qwen7b', '2377_qwen7b', '3631_qwen7b', '5520_qwen7b'] n_groups=3 dims=12 sampler=gp budget=30 folds=5 trials/fold=40 exclude_target=False

======== nested-CV held-out NLL (unbiased, lower=better) ========
  base             2.1492 ± 0.0924   per-fold [2.201, 2.275, 2.007, 2.171, 2.092]
  ICL              1.9879 ± 0.1199   per-fold [2.063, 2.138, 1.842, 2.046, 1.85]
  uniform          2.5821 ± 0.1307   per-fold [2.744, 2.655, 2.435, 2.657, 2.419]
  best-single      2.0182 ± 0.1100   per-fold [2.112, 2.12, 1.863, 2.088, 1.907]
  BO               1.9991 ± 0.1013   per-fold [2.093, 2.091, 1.862, 2.058, 1.89]
  best-single+ICL  1.9300 ± 0.1400   per-fold [2.035, 2.06, 1.775, 2.036, 1.743]
  BO+ICL           1.9203 ± 0.1341   per-fold [2.019, 2.05, 1.775, 2.017, 1.739]

  BO vs base (paired):        +0.1501 ± 0.0373
  BO vs best-single (paired): +0.0192 ± 0.0106
  BO vs ICL (paired):         -0.0112 ± 0.0305   [spec §4.3 baseline 2 — the kill criterion]
  BO+ICL vs ICL (paired):     +0.0676 ± 0.0293   [does the merge add anything prompting does not?]
  BO+ICL vs BO (paired):      +0.0788 ± 0.0405
  best-single+ICL vs ICL:     +0.0579 ± 0.0346   [control: is any merge enough, or the tuned one?]
  best-single picks per fold: ['2377_qwen7b', '2377_qwen7b', '2377_qwen7b', '2377_qwen7b', '2377_qwen7b']
  NB: paired deltas across folds are the honest signal; at 0.5B adapters encode register not ideology, so absolute NLL gains are small (§4.4 note).
  [dump-picks] per-fold coefficients + NLLs -> specs/polis-low-resource-persona/artifacts/bo7b_picks/target_230.json
=== [2026-08-03 04:50:25] END target 230 rc=0 ===
