=== [2026-08-03 07:38:21] START target 225 ===
Warning: You are sending unauthenticated requests to the HF Hub. Please set a HF_TOKEN to enable higher rate limits and faster downloads.
Loading weights:   0%|          | 0/339 [00:00<?, ?it/s]Loading weights:   1%|          | 4/339 [00:00<00:08, 38.13it/s]Loading weights:  15%|█▌        | 52/339 [00:00<00:00, 288.21it/s]Loading weights:  27%|██▋       | 90/339 [00:00<00:00, 326.24it/s]Loading weights:  38%|███▊      | 130/339 [00:00<00:00, 354.67it/s]Loading weights:  51%|█████     | 172/339 [00:00<00:00, 367.87it/s]Loading weights:  62%|██████▏   | 209/339 [00:00<00:00, 327.06it/s]Loading weights:  72%|███████▏  | 245/339 [00:00<00:00, 335.59it/s]Loading weights:  83%|████████▎ | 280/339 [00:00<00:00, 335.96it/s]Loading weights:  94%|█████████▎| 317/339 [00:00<00:00, 338.50it/s]Loading weights: 100%|██████████| 339/339 [00:01<00:00, 333.33it/s]
/workspace/kokkai_analysis/research/polis/bo_merge_coeffs.py:148: ExperimentalWarning: GPSampler is experimental (supported from v3.6.0). The interface can change in the future.
  return "gp", GPSampler(seed=seed, n_startup_trials=n_start)
[nested-CV] target=225 anchors=['152_qwen7b', '2377_qwen7b', '3631_qwen7b', '5520_qwen7b'] n_groups=3 dims=12 sampler=gp budget=30 folds=5 trials/fold=40 exclude_target=False

======== nested-CV held-out NLL (unbiased, lower=better) ========
  base             2.1423 ± 0.1742   per-fold [2.184, 2.197, 2.366, 2.134, 1.831]
  ICL              1.9552 ± 0.1780   per-fold [1.872, 2.117, 2.124, 2.014, 1.649]
  uniform          2.4921 ± 0.2105   per-fold [2.466, 2.668, 2.699, 2.518, 2.11]
  best-single      1.9911 ± 0.1957   per-fold [2.032, 2.145, 2.154, 2.007, 1.618]
  BO               1.9809 ± 0.1891   per-fold [2.026, 2.129, 2.131, 2.001, 1.618]
  best-single+ICL  1.9000 ± 0.2004   per-fold [1.807, 2.106, 2.046, 1.988, 1.553]
  BO+ICL           1.8845 ± 0.2038   per-fold [1.795, 2.095, 2.024, 1.98, 1.528]

  BO vs base (paired):        +0.1614 ± 0.0595
  BO vs best-single (paired): +0.0102 ± 0.0082
  BO vs ICL (paired):         -0.0258 ± 0.0661   [spec §4.3 baseline 2 — the kill criterion]
  BO+ICL vs ICL (paired):     +0.0706 ± 0.0377   [does the merge add anything prompting does not?]
  BO+ICL vs BO (paired):      +0.0964 ± 0.0747
  best-single+ICL vs ICL:     +0.0552 ± 0.0320   [control: is any merge enough, or the tuned one?]
  best-single picks per fold: ['2377_qwen7b', '2377_qwen7b', '2377_qwen7b', '2377_qwen7b', '2377_qwen7b']
  NB: paired deltas across folds are the honest signal; at 0.5B adapters encode register not ideology, so absolute NLL gains are small (§4.4 note).
  [dump-picks] per-fold coefficients + NLLs -> specs/polis-low-resource-persona/artifacts/bo7b_picks/target_225.json
=== [2026-08-03 07:49:20] END target 225 rc=0 ===
