=== [2026-08-03 05:10:47] START target 1083 ===
Warning: You are sending unauthenticated requests to the HF Hub. Please set a HF_TOKEN to enable higher rate limits and faster downloads.
Loading weights:   0%|          | 0/339 [00:00<?, ?it/s]Loading weights:   1%|▏         | 5/339 [00:00<00:07, 47.47it/s]Loading weights:  16%|█▌        | 53/339 [00:00<00:01, 277.19it/s]Loading weights:  29%|██▉       | 100/339 [00:00<00:00, 351.74it/s]Loading weights:  40%|████      | 137/339 [00:00<00:00, 357.67it/s]Loading weights:  51%|█████▏    | 174/339 [00:00<00:00, 356.74it/s]Loading weights:  62%|██████▏   | 210/339 [00:00<00:00, 331.47it/s]Loading weights:  75%|███████▌  | 255/339 [00:00<00:00, 356.02it/s]Loading weights:  86%|████████▋ | 293/339 [00:00<00:00, 355.05it/s]Loading weights:  97%|█████████▋| 330/339 [00:00<00:00, 355.75it/s]Loading weights: 100%|██████████| 339/339 [00:00<00:00, 346.20it/s]
/workspace/kokkai_analysis/research/polis/bo_merge_coeffs.py:148: ExperimentalWarning: GPSampler is experimental (supported from v3.6.0). The interface can change in the future.
  return "gp", GPSampler(seed=seed, n_startup_trials=n_start)
[nested-CV] target=1083 anchors=['152_qwen7b', '2377_qwen7b', '3631_qwen7b', '5520_qwen7b'] n_groups=3 dims=12 sampler=gp budget=30 folds=5 trials/fold=40 exclude_target=False

======== nested-CV held-out NLL (unbiased, lower=better) ========
  base             2.4200 ± 0.1530   per-fold [2.582, 2.341, 2.172, 2.433, 2.572]
  ICL              2.2959 ± 0.1573   per-fold [2.494, 2.196, 2.058, 2.301, 2.431]
  uniform          2.8531 ± 0.1093   per-fold [2.955, 2.731, 2.71, 2.916, 2.953]
  best-single      2.3100 ± 0.1273   per-fold [2.452, 2.239, 2.104, 2.331, 2.424]
  BO               2.2875 ± 0.1361   per-fold [2.453, 2.207, 2.074, 2.305, 2.4]
  best-single+ICL  2.2405 ± 0.1382   per-fold [2.405, 2.146, 2.029, 2.263, 2.36]
  BO+ICL           2.2270 ± 0.1428   per-fold [2.409, 2.126, 2.014, 2.245, 2.341]

  BO vs base (paired):        +0.1325 ± 0.0233
  BO vs best-single (paired): +0.0224 ± 0.0122
  BO vs ICL (paired):         +0.0084 ± 0.0228   [spec §4.3 baseline 2 — the kill criterion]
  BO+ICL vs ICL (paired):     +0.0689 ± 0.0171   [does the merge add anything prompting does not?]
  BO+ICL vs BO (paired):      +0.0605 ± 0.0118
  best-single+ICL vs ICL:     +0.0554 ± 0.0217   [control: is any merge enough, or the tuned one?]
  best-single picks per fold: ['2377_qwen7b', '2377_qwen7b', '2377_qwen7b', '2377_qwen7b', '2377_qwen7b']
  NB: paired deltas across folds are the honest signal; at 0.5B adapters encode register not ideology, so absolute NLL gains are small (§4.4 note).
  [dump-picks] per-fold coefficients + NLLs -> specs/polis-low-resource-persona/artifacts/bo7b_picks/target_1083.json
=== [2026-08-03 05:22:29] END target 1083 rc=0 ===
