=== [2026-08-03 03:14:21] START target 1572 ===
Warning: You are sending unauthenticated requests to the HF Hub. Please set a HF_TOKEN to enable higher rate limits and faster downloads.
Loading weights:   0%|          | 0/339 [00:00<?, ?it/s]Loading weights:   1%|▏         | 5/339 [00:00<00:07, 47.38it/s]Loading weights:  16%|█▌        | 54/339 [00:00<00:00, 286.70it/s]Loading weights:  29%|██▉       | 100/339 [00:00<00:00, 355.24it/s]Loading weights:  41%|████      | 138/339 [00:00<00:00, 355.35it/s]Loading weights:  54%|█████▍    | 183/339 [00:00<00:00, 371.35it/s]Loading weights:  65%|██████▌   | 221/339 [00:00<00:00, 349.41it/s]Loading weights:  76%|███████▌  | 257/339 [00:00<00:00, 339.71it/s]Loading weights:  88%|████████▊ | 298/339 [00:00<00:00, 359.85it/s]Loading weights: 100%|██████████| 339/339 [00:00<00:00, 349.41it/s]
/workspace/kokkai_analysis/research/polis/bo_merge_coeffs.py:148: ExperimentalWarning: GPSampler is experimental (supported from v3.6.0). The interface can change in the future.
  return "gp", GPSampler(seed=seed, n_startup_trials=n_start)
[nested-CV] target=1572 anchors=['152_qwen7b', '2377_qwen7b', '3631_qwen7b', '5520_qwen7b'] n_groups=3 dims=12 sampler=gp budget=30 folds=5 trials/fold=40 exclude_target=False

======== nested-CV held-out NLL (unbiased, lower=better) ========
  base             2.0964 ± 0.1819   per-fold [1.936, 2.248, 2.378, 1.964, 1.956]
  ICL              1.9347 ± 0.1628   per-fold [1.812, 2.118, 2.149, 1.811, 1.784]
  uniform          2.5452 ± 0.0997   per-fold [2.463, 2.717, 2.557, 2.559, 2.43]
  best-single      1.9597 ± 0.1245   per-fold [1.879, 2.126, 2.097, 1.85, 1.847]
  BO               1.9224 ± 0.1326   per-fold [1.844, 2.098, 2.064, 1.768, 1.838]
  best-single+ICL  1.8736 ± 0.1116   per-fold [1.814, 2.042, 1.968, 1.791, 1.752]
  BO+ICL           1.8554 ± 0.1124   per-fold [1.79, 2.022, 1.958, 1.764, 1.744]

  BO vs base (paired):        +0.1740 ± 0.0783
  BO vs best-single (paired): +0.0373 ± 0.0238
  BO vs ICL (paired):         +0.0123 ± 0.0504   [spec §4.3 baseline 2 — the kill criterion]
  BO+ICL vs ICL (paired):     +0.0793 ± 0.0612   [does the merge add anything prompting does not?]
  BO+ICL vs BO (paired):      +0.0670 ± 0.0358
  best-single+ICL vs ICL:     +0.0611 ± 0.0649   [control: is any merge enough, or the tuned one?]
  best-single picks per fold: ['2377_qwen7b', '2377_qwen7b', '2377_qwen7b', '2377_qwen7b', '2377_qwen7b']
  NB: paired deltas across folds are the honest signal; at 0.5B adapters encode register not ideology, so absolute NLL gains are small (§4.4 note).
  [dump-picks] per-fold coefficients + NLLs -> specs/polis-low-resource-persona/artifacts/bo7b_picks/target_1572.json
=== [2026-08-03 03:25:12] END target 1572 rc=0 ===
