=== [2026-08-03 02:42:29] START target 2289 ===
Warning: You are sending unauthenticated requests to the HF Hub. Please set a HF_TOKEN to enable higher rate limits and faster downloads.
Loading weights:   0%|          | 0/339 [00:00<?, ?it/s]Loading weights:   1%|▏         | 5/339 [00:00<00:07, 47.65it/s]Loading weights:  19%|█▉        | 64/339 [00:00<00:00, 346.20it/s]Loading weights:  30%|███       | 102/339 [00:00<00:00, 354.78it/s]Loading weights:  44%|████▎     | 148/339 [00:00<00:00, 377.19it/s]Loading weights:  55%|█████▍    | 186/339 [00:00<00:00, 376.20it/s]Loading weights:  66%|██████▌   | 224/339 [00:00<00:00, 360.22it/s]Loading weights:  78%|███████▊  | 264/339 [00:00<00:00, 372.29it/s]Loading weights:  90%|████████▉ | 304/339 [00:00<00:00, 379.08it/s]Loading weights: 100%|██████████| 339/339 [00:00<00:00, 364.00it/s]
/workspace/kokkai_analysis/research/polis/bo_merge_coeffs.py:148: ExperimentalWarning: GPSampler is experimental (supported from v3.6.0). The interface can change in the future.
  return "gp", GPSampler(seed=seed, n_startup_trials=n_start)
[nested-CV] target=2289 anchors=['152_qwen7b', '2377_qwen7b', '3631_qwen7b', '5520_qwen7b'] n_groups=3 dims=12 sampler=gp budget=30 folds=5 trials/fold=40 exclude_target=False

======== nested-CV held-out NLL (unbiased, lower=better) ========
  base             2.5302 ± 0.1516   per-fold [2.675, 2.555, 2.693, 2.439, 2.289]
  ICL              2.4538 ± 0.1955   per-fold [2.626, 2.486, 2.652, 2.395, 2.11]
  uniform          2.9878 ± 0.1995   per-fold [3.158, 2.891, 3.207, 3.029, 2.655]
  best-single      2.4446 ± 0.1607   per-fold [2.586, 2.428, 2.631, 2.402, 2.176]
  BO               2.4190 ± 0.1580   per-fold [2.549, 2.42, 2.61, 2.357, 2.159]
  best-single+ICL  2.4097 ± 0.1938   per-fold [2.587, 2.415, 2.591, 2.398, 2.058]
  BO+ICL           2.3933 ± 0.1957   per-fold [2.58, 2.407, 2.577, 2.358, 2.045]

  BO vs base (paired):        +0.1112 ± 0.0237
  BO vs best-single (paired): +0.0256 ± 0.0132
  BO vs ICL (paired):         +0.0348 ± 0.0442   [spec §4.3 baseline 2 — the kill criterion]
  BO+ICL vs ICL (paired):     +0.0605 ± 0.0164   [does the merge add anything prompting does not?]
  BO+ICL vs BO (paired):      +0.0257 ± 0.0489
  best-single+ICL vs ICL:     +0.0441 ± 0.0259   [control: is any merge enough, or the tuned one?]
  best-single picks per fold: ['152_qwen7b', '152_qwen7b', '152_qwen7b', '152_qwen7b', '152_qwen7b']
  NB: paired deltas across folds are the honest signal; at 0.5B adapters encode register not ideology, so absolute NLL gains are small (§4.4 note).
  [dump-picks] per-fold coefficients + NLLs -> specs/polis-low-resource-persona/artifacts/bo7b_picks/target_2289.json
=== [2026-08-03 02:52:38] END target 2289 rc=0 ===
