=== [2026-08-03 03:47:31] START target 1543 ===
Warning: You are sending unauthenticated requests to the HF Hub. Please set a HF_TOKEN to enable higher rate limits and faster downloads.
Loading weights:   0%|          | 0/339 [00:00<?, ?it/s]Loading weights:   1%|▏         | 5/339 [00:00<00:07, 47.49it/s]Loading weights:  16%|█▌        | 54/339 [00:00<00:00, 292.18it/s]Loading weights:  29%|██▉       | 100/339 [00:00<00:00, 364.42it/s]Loading weights:  41%|████      | 138/339 [00:00<00:00, 361.11it/s]Loading weights:  54%|█████▍    | 184/339 [00:00<00:00, 386.11it/s]Loading weights:  66%|██████▌   | 223/339 [00:00<00:00, 331.52it/s]Loading weights:  76%|███████▌  | 258/339 [00:00<00:00, 326.74it/s]Loading weights:  86%|████████▋ | 293/339 [00:00<00:00, 328.51it/s]Loading weights:  97%|█████████▋| 330/339 [00:00<00:00, 336.99it/s]Loading weights: 100%|██████████| 339/339 [00:01<00:00, 338.45it/s]
/workspace/kokkai_analysis/research/polis/bo_merge_coeffs.py:148: ExperimentalWarning: GPSampler is experimental (supported from v3.6.0). The interface can change in the future.
  return "gp", GPSampler(seed=seed, n_startup_trials=n_start)
[nested-CV] target=1543 anchors=['152_qwen7b', '2377_qwen7b', '3631_qwen7b', '5520_qwen7b'] n_groups=3 dims=12 sampler=gp budget=30 folds=5 trials/fold=40 exclude_target=False

======== nested-CV held-out NLL (unbiased, lower=better) ========
  base             1.9419 ± 0.3071   per-fold [1.577, 1.968, 1.732, 2.484, 1.949]
  ICL              1.4105 ± 0.2294   per-fold [1.095, 1.365, 1.331, 1.801, 1.46]
  uniform          2.1413 ± 0.3365   per-fold [1.891, 2.085, 1.903, 2.798, 2.029]
  best-single      1.7607 ± 0.3015   per-fold [1.482, 1.722, 1.551, 2.335, 1.714]
  BO               1.7395 ± 0.3044   per-fold [1.457, 1.702, 1.532, 2.319, 1.688]
  best-single+ICL  1.3691 ± 0.2104   per-fold [1.128, 1.316, 1.294, 1.761, 1.347]
  BO+ICL           1.3796 ± 0.1984   per-fold [1.133, 1.376, 1.306, 1.739, 1.344]

  BO vs base (paired):        +0.2024 ± 0.0563
  BO vs best-single (paired): +0.0211 ± 0.0040
  BO vs ICL (paired):         -0.3291 ± 0.1130   [spec §4.3 baseline 2 — the kill criterion]
  BO+ICL vs ICL (paired):     +0.0308 ± 0.0544   [does the merge add anything prompting does not?]
  BO+ICL vs BO (paired):      +0.3599 ± 0.1175
  best-single+ICL vs ICL:     +0.0414 ± 0.0466   [control: is any merge enough, or the tuned one?]
  best-single picks per fold: ['152_qwen7b', '152_qwen7b', '152_qwen7b', '152_qwen7b', '152_qwen7b']
  NB: paired deltas across folds are the honest signal; at 0.5B adapters encode register not ideology, so absolute NLL gains are small (§4.4 note).
  [dump-picks] per-fold coefficients + NLLs -> specs/polis-low-resource-persona/artifacts/bo7b_picks/target_1543.json
=== [2026-08-03 03:56:41] END target 1543 rc=0 ===
