=== [2026-08-03 05:22:29] START target 277 ===
Warning: You are sending unauthenticated requests to the HF Hub. Please set a HF_TOKEN to enable higher rate limits and faster downloads.
Loading weights:   0%|          | 0/339 [00:00<?, ?it/s]Loading weights:   1%|          | 4/339 [00:00<00:08, 38.53it/s]Loading weights:  15%|█▌        | 51/339 [00:00<00:01, 279.00it/s]Loading weights:  26%|██▌       | 88/339 [00:00<00:00, 319.41it/s]Loading weights:  37%|███▋      | 125/339 [00:00<00:00, 319.49it/s]Loading weights:  49%|████▉     | 166/339 [00:00<00:00, 347.06it/s]Loading weights:  59%|█████▉    | 201/339 [00:00<00:00, 324.70it/s]Loading weights:  69%|██████▉   | 234/339 [00:00<00:00, 318.33it/s]Loading weights:  80%|███████▉  | 270/339 [00:00<00:00, 321.48it/s]Loading weights:  90%|████████▉ | 305/339 [00:00<00:00, 324.67it/s]Loading weights: 100%|██████████| 339/339 [00:01<00:00, 324.59it/s]
/workspace/kokkai_analysis/research/polis/bo_merge_coeffs.py:148: ExperimentalWarning: GPSampler is experimental (supported from v3.6.0). The interface can change in the future.
  return "gp", GPSampler(seed=seed, n_startup_trials=n_start)
[nested-CV] target=277 anchors=['152_qwen7b', '2377_qwen7b', '3631_qwen7b', '5520_qwen7b'] n_groups=3 dims=12 sampler=gp budget=30 folds=5 trials/fold=40 exclude_target=False

======== nested-CV held-out NLL (unbiased, lower=better) ========
  base             2.4987 ± 0.1437   per-fold [2.288, 2.441, 2.65, 2.671, 2.443]
  ICL              2.3826 ± 0.1274   per-fold [2.197, 2.33, 2.448, 2.581, 2.357]
  uniform          3.0159 ± 0.0695   per-fold [2.965, 2.919, 3.094, 3.093, 3.009]
  best-single      2.4224 ± 0.1061   per-fold [2.285, 2.353, 2.507, 2.579, 2.389]
  BO               2.4020 ± 0.1044   per-fold [2.273, 2.335, 2.483, 2.56, 2.36]
  best-single+ICL  2.3550 ± 0.1110   per-fold [2.207, 2.294, 2.391, 2.54, 2.344]
  BO+ICL           2.3462 ± 0.1030   per-fold [2.216, 2.288, 2.379, 2.523, 2.325]

  BO vs base (paired):        +0.0967 ± 0.0490
  BO vs best-single (paired): +0.0205 ± 0.0055
  BO vs ICL (paired):         -0.0194 ± 0.0331   [spec §4.3 baseline 2 — the kill criterion]
  BO+ICL vs ICL (paired):     +0.0364 ± 0.0303   [does the merge add anything prompting does not?]
  BO+ICL vs BO (paired):      +0.0558 ± 0.0252
  best-single+ICL vs ICL:     +0.0276 ± 0.0232   [control: is any merge enough, or the tuned one?]
  best-single picks per fold: ['152_qwen7b', '152_qwen7b', '152_qwen7b', '152_qwen7b', '152_qwen7b']
  NB: paired deltas across folds are the honest signal; at 0.5B adapters encode register not ideology, so absolute NLL gains are small (§4.4 note).
  [dump-picks] per-fold coefficients + NLLs -> specs/polis-low-resource-persona/artifacts/bo7b_picks/target_277.json
=== [2026-08-03 05:33:30] END target 277 rc=0 ===
