=== [2026-08-03 07:58:27] START target 2546 ===
Warning: You are sending unauthenticated requests to the HF Hub. Please set a HF_TOKEN to enable higher rate limits and faster downloads.
Loading weights:   0%|          | 0/339 [00:00<?, ?it/s]Loading weights:   1%|          | 4/339 [00:00<00:08, 39.17it/s]Loading weights:  16%|█▌        | 53/339 [00:00<00:00, 290.31it/s]Loading weights:  29%|██▉       | 98/339 [00:00<00:00, 349.28it/s]Loading weights:  41%|████      | 138/339 [00:00<00:00, 363.97it/s]Loading weights:  55%|█████▍    | 186/339 [00:00<00:00, 393.81it/s]Loading weights:  67%|██████▋   | 226/339 [00:00<00:00, 374.16it/s]Loading weights:  78%|███████▊  | 266/339 [00:00<00:00, 381.72it/s]Loading weights:  90%|████████▉ | 305/339 [00:00<00:00, 365.66it/s]Loading weights: 100%|██████████| 339/339 [00:00<00:00, 361.11it/s]
/workspace/kokkai_analysis/research/polis/bo_merge_coeffs.py:148: ExperimentalWarning: GPSampler is experimental (supported from v3.6.0). The interface can change in the future.
  return "gp", GPSampler(seed=seed, n_startup_trials=n_start)
[nested-CV] target=2546 anchors=['152_qwen7b', '2377_qwen7b', '3631_qwen7b', '5520_qwen7b'] n_groups=3 dims=12 sampler=gp budget=30 folds=5 trials/fold=40 exclude_target=False

======== nested-CV held-out NLL (unbiased, lower=better) ========
  base             2.3915 ± 0.2746   per-fold [2.285, 2.558, 2.835, 2.054, 2.226]
  ICL              2.2700 ± 0.2713   per-fold [2.031, 2.488, 2.689, 2.005, 2.137]
  uniform          2.7273 ± 0.3250   per-fold [2.489, 2.837, 3.29, 2.354, 2.666]
  best-single      2.2670 ± 0.2479   per-fold [2.154, 2.421, 2.671, 1.979, 2.109]
  BO               2.2457 ± 0.2458   per-fold [2.136, 2.412, 2.638, 1.96, 2.083]
  best-single+ICL  2.2134 ± 0.2593   per-fold [1.986, 2.384, 2.638, 1.968, 2.09]
  BO+ICL           2.2034 ± 0.2526   per-fold [1.989, 2.38, 2.611, 1.957, 2.08]

  BO vs base (paired):        +0.1458 ± 0.0325
  BO vs best-single (paired): +0.0213 ± 0.0082
  BO vs ICL (paired):         +0.0242 ± 0.0652   [spec §4.3 baseline 2 — the kill criterion]
  BO+ICL vs ICL (paired):     +0.0665 ± 0.0241   [does the merge add anything prompting does not?]
  BO+ICL vs BO (paired):      +0.0423 ± 0.0537
  best-single+ICL vs ICL:     +0.0566 ± 0.0240   [control: is any merge enough, or the tuned one?]
  best-single picks per fold: ['2377_qwen7b', '3631_qwen7b', '2377_qwen7b', '5520_qwen7b', '5520_qwen7b']
  NB: paired deltas across folds are the honest signal; at 0.5B adapters encode register not ideology, so absolute NLL gains are small (§4.4 note).
  [dump-picks] per-fold coefficients + NLLs -> specs/polis-low-resource-persona/artifacts/bo7b_picks/target_2546.json
=== [2026-08-03 08:08:16] END target 2546 rc=0 ===
