=== [2026-08-03 06:57:23] START target 5518 ===
Warning: You are sending unauthenticated requests to the HF Hub. Please set a HF_TOKEN to enable higher rate limits and faster downloads.
Loading weights:   0%|          | 0/339 [00:00<?, ?it/s]Loading weights:   1%|          | 4/339 [00:00<00:08, 37.54it/s]Loading weights:  15%|█▌        | 52/339 [00:00<00:01, 273.38it/s]Loading weights:  27%|██▋       | 90/339 [00:00<00:00, 310.17it/s]Loading weights:  37%|███▋      | 126/339 [00:00<00:00, 327.43it/s]Loading weights:  48%|████▊     | 162/339 [00:00<00:00, 338.77it/s]Loading weights:  58%|█████▊    | 197/339 [00:00<00:00, 322.57it/s]Loading weights:  68%|██████▊   | 232/339 [00:00<00:00, 331.04it/s]Loading weights:  78%|███████▊  | 266/339 [00:00<00:00, 330.29it/s]Loading weights:  88%|████████▊ | 300/339 [00:00<00:00, 329.79it/s]Loading weights:  99%|█████████▊| 334/339 [00:01<00:00, 332.21it/s]Loading weights: 100%|██████████| 339/339 [00:01<00:00, 321.52it/s]
/workspace/kokkai_analysis/research/polis/bo_merge_coeffs.py:148: ExperimentalWarning: GPSampler is experimental (supported from v3.6.0). The interface can change in the future.
  return "gp", GPSampler(seed=seed, n_startup_trials=n_start)
[nested-CV] target=5518 anchors=['152_qwen7b', '2377_qwen7b', '3631_qwen7b', '5520_qwen7b'] n_groups=3 dims=12 sampler=gp budget=30 folds=5 trials/fold=40 exclude_target=False

======== nested-CV held-out NLL (unbiased, lower=better) ========
  base             2.6977 ± 0.0838   per-fold [2.671, 2.719, 2.552, 2.75, 2.797]
  ICL              2.6048 ± 0.0950   per-fold [2.639, 2.614, 2.423, 2.65, 2.698]
  uniform          3.2501 ± 0.1402   per-fold [3.218, 3.369, 3.008, 3.407, 3.249]
  best-single      2.5842 ± 0.1003   per-fold [2.609, 2.598, 2.391, 2.674, 2.649]
  BO               2.5677 ± 0.0994   per-fold [2.591, 2.587, 2.375, 2.65, 2.636]
  best-single+ICL  2.5522 ± 0.1045   per-fold [2.597, 2.566, 2.348, 2.62, 2.63]
  BO+ICL           2.5356 ± 0.1051   per-fold [2.575, 2.558, 2.33, 2.596, 2.62]

  BO vs base (paired):        +0.1300 ± 0.0361
  BO vs best-single (paired): +0.0166 ± 0.0046
  BO vs ICL (paired):         +0.0371 ± 0.0214   [spec §4.3 baseline 2 — the kill criterion]
  BO+ICL vs ICL (paired):     +0.0692 ± 0.0145   [does the merge add anything prompting does not?]
  BO+ICL vs BO (paired):      +0.0321 ± 0.0154
  best-single+ICL vs ICL:     +0.0525 ± 0.0165   [control: is any merge enough, or the tuned one?]
  best-single picks per fold: ['152_qwen7b', '152_qwen7b', '152_qwen7b', '152_qwen7b', '152_qwen7b']
  NB: paired deltas across folds are the honest signal; at 0.5B adapters encode register not ideology, so absolute NLL gains are small (§4.4 note).
  [dump-picks] per-fold coefficients + NLLs -> specs/polis-low-resource-persona/artifacts/bo7b_picks/target_5518.json
=== [2026-08-03 07:06:32] END target 5518 rc=0 ===
