=== [2026-08-03 04:59:22] START target 1982 ===
Warning: You are sending unauthenticated requests to the HF Hub. Please set a HF_TOKEN to enable higher rate limits and faster downloads.
Loading weights:   0%|          | 0/339 [00:00<?, ?it/s]Loading weights:   1%|▏         | 5/339 [00:00<00:07, 47.25it/s]Loading weights:  15%|█▌        | 52/339 [00:00<00:01, 259.87it/s]Loading weights:  28%|██▊       | 95/339 [00:00<00:00, 331.71it/s]Loading weights:  38%|███▊      | 130/339 [00:00<00:00, 336.96it/s]Loading weights:  51%|█████     | 172/339 [00:00<00:00, 356.29it/s]Loading weights:  61%|██████▏   | 208/339 [00:00<00:00, 302.17it/s]Loading weights:  73%|███████▎  | 246/339 [00:00<00:00, 322.38it/s]Loading weights:  83%|████████▎ | 281/339 [00:00<00:00, 327.38it/s]Loading weights:  94%|█████████▎| 317/339 [00:00<00:00, 335.53it/s]Loading weights: 100%|██████████| 339/339 [00:01<00:00, 323.79it/s]
/workspace/kokkai_analysis/research/polis/bo_merge_coeffs.py:148: ExperimentalWarning: GPSampler is experimental (supported from v3.6.0). The interface can change in the future.
  return "gp", GPSampler(seed=seed, n_startup_trials=n_start)
[nested-CV] target=1982 anchors=['152_qwen7b', '2377_qwen7b', '3631_qwen7b', '5520_qwen7b'] n_groups=3 dims=12 sampler=gp budget=30 folds=5 trials/fold=40 exclude_target=False

======== nested-CV held-out NLL (unbiased, lower=better) ========
  base             2.0712 ± 0.1494   per-fold [2.221, 2.074, 1.792, 2.174, 2.096]
  ICL              1.9533 ± 0.1414   per-fold [2.072, 1.963, 1.681, 2.052, 1.998]
  uniform          2.4684 ± 0.1765   per-fold [2.532, 2.508, 2.121, 2.593, 2.587]
  best-single      1.9674 ± 0.1461   per-fold [2.063, 1.987, 1.681, 2.068, 2.038]
  BO               1.9360 ± 0.1402   per-fold [2.033, 1.951, 1.661, 2.025, 2.009]
  best-single+ICL  1.9157 ± 0.1404   per-fold [2.01, 1.924, 1.643, 2.016, 1.986]
  BO+ICL           1.8905 ± 0.1360   per-fold [1.98, 1.886, 1.628, 1.99, 1.969]

  BO vs base (paired):        +0.1352 ± 0.0329
  BO vs best-single (paired): +0.0314 ± 0.0078
  BO vs ICL (paired):         +0.0173 ± 0.0164   [spec §4.3 baseline 2 — the kill criterion]
  BO+ICL vs ICL (paired):     +0.0628 ± 0.0214   [does the merge add anything prompting does not?]
  BO+ICL vs BO (paired):      +0.0455 ± 0.0122
  best-single+ICL vs ICL:     +0.0376 ± 0.0159   [control: is any merge enough, or the tuned one?]
  best-single picks per fold: ['2377_qwen7b', '2377_qwen7b', '5520_qwen7b', '3631_qwen7b', '5520_qwen7b']
  NB: paired deltas across folds are the honest signal; at 0.5B adapters encode register not ideology, so absolute NLL gains are small (§4.4 note).
  [dump-picks] per-fold coefficients + NLLs -> specs/polis-low-resource-persona/artifacts/bo7b_picks/target_1982.json
=== [2026-08-03 05:10:47] END target 1982 rc=0 ===
