=== [2026-08-03 07:16:30] START target 2732 ===
Warning: You are sending unauthenticated requests to the HF Hub. Please set a HF_TOKEN to enable higher rate limits and faster downloads.
Loading weights:   0%|          | 0/339 [00:00<?, ?it/s]Loading weights:   1%|          | 4/339 [00:00<00:08, 39.98it/s]Loading weights:  15%|█▌        | 52/339 [00:00<00:00, 291.49it/s]Loading weights:  26%|██▋       | 89/339 [00:00<00:00, 318.44it/s]Loading weights:  37%|███▋      | 126/339 [00:00<00:00, 326.95it/s]Loading weights:  48%|████▊     | 163/339 [00:00<00:00, 341.79it/s]Loading weights:  58%|█████▊    | 198/339 [00:00<00:00, 315.51it/s]Loading weights:  68%|██████▊   | 232/339 [00:00<00:00, 320.37it/s]Loading weights:  79%|███████▉  | 268/339 [00:00<00:00, 330.99it/s]Loading weights:  90%|████████▉ | 304/339 [00:00<00:00, 336.94it/s]Loading weights: 100%|██████████| 339/339 [00:01<00:00, 323.89it/s]
/workspace/kokkai_analysis/research/polis/bo_merge_coeffs.py:148: ExperimentalWarning: GPSampler is experimental (supported from v3.6.0). The interface can change in the future.
  return "gp", GPSampler(seed=seed, n_startup_trials=n_start)
[nested-CV] target=2732 anchors=['152_qwen7b', '2377_qwen7b', '3631_qwen7b', '5520_qwen7b'] n_groups=3 dims=12 sampler=gp budget=30 folds=5 trials/fold=40 exclude_target=False

======== nested-CV held-out NLL (unbiased, lower=better) ========
  base             2.5485 ± 0.0775   per-fold [2.467, 2.665, 2.547, 2.599, 2.464]
  ICL              2.4831 ± 0.0737   per-fold [2.42, 2.597, 2.483, 2.525, 2.391]
  uniform          3.0476 ± 0.0898   per-fold [2.966, 3.147, 2.958, 3.165, 3.002]
  best-single      2.4631 ± 0.0649   per-fold [2.396, 2.545, 2.449, 2.532, 2.393]
  BO               2.4410 ± 0.0648   per-fold [2.364, 2.512, 2.437, 2.517, 2.376]
  best-single+ICL  2.4316 ± 0.0618   per-fold [2.38, 2.511, 2.429, 2.489, 2.349]
  BO+ICL           2.4163 ± 0.0576   per-fold [2.357, 2.481, 2.423, 2.476, 2.344]

  BO vs base (paired):        +0.1075 ± 0.0251
  BO vs best-single (paired): +0.0220 ± 0.0086
  BO vs ICL (paired):         +0.0421 ± 0.0280   [spec §4.3 baseline 2 — the kill criterion]
  BO+ICL vs ICL (paired):     +0.0667 ± 0.0252   [does the merge add anything prompting does not?]
  BO+ICL vs BO (paired):      +0.0247 ± 0.0128
  best-single+ICL vs ICL:     +0.0515 ± 0.0183   [control: is any merge enough, or the tuned one?]
  best-single picks per fold: ['152_qwen7b', '152_qwen7b', '152_qwen7b', '152_qwen7b', '152_qwen7b']
  NB: paired deltas across folds are the honest signal; at 0.5B adapters encode register not ideology, so absolute NLL gains are small (§4.4 note).
  [dump-picks] per-fold coefficients + NLLs -> specs/polis-low-resource-persona/artifacts/bo7b_picks/target_2732.json
=== [2026-08-03 07:26:19] END target 2732 rc=0 ===
