=== [2026-08-03 06:37:14] START target 2189 ===
Warning: You are sending unauthenticated requests to the HF Hub. Please set a HF_TOKEN to enable higher rate limits and faster downloads.
Loading weights:   0%|          | 0/339 [00:00<?, ?it/s]Loading weights:   1%|▏         | 5/339 [00:00<00:06, 47.84it/s]Loading weights:  16%|█▌        | 54/339 [00:00<00:00, 293.19it/s]Loading weights:  29%|██▉       | 100/339 [00:00<00:00, 352.65it/s]Loading weights:  40%|████      | 137/339 [00:00<00:00, 349.72it/s]Loading weights:  51%|█████▏    | 174/339 [00:00<00:00, 346.27it/s]Loading weights:  62%|██████▏   | 209/339 [00:00<00:00, 310.88it/s]Loading weights:  73%|███████▎  | 246/339 [00:00<00:00, 326.18it/s]Loading weights:  83%|████████▎ | 282/339 [00:00<00:00, 328.36it/s]Loading weights:  95%|█████████▍| 322/339 [00:00<00:00, 348.77it/s]Loading weights: 100%|██████████| 339/339 [00:01<00:00, 333.19it/s]
/workspace/kokkai_analysis/research/polis/bo_merge_coeffs.py:148: ExperimentalWarning: GPSampler is experimental (supported from v3.6.0). The interface can change in the future.
  return "gp", GPSampler(seed=seed, n_startup_trials=n_start)
[nested-CV] target=2189 anchors=['152_qwen7b', '2377_qwen7b', '3631_qwen7b', '5520_qwen7b'] n_groups=3 dims=12 sampler=gp budget=30 folds=5 trials/fold=40 exclude_target=False

======== nested-CV held-out NLL (unbiased, lower=better) ========
  base             2.3690 ± 0.1300   per-fold [2.28, 2.435, 2.214, 2.33, 2.585]
  ICL              2.2135 ± 0.1317   per-fold [2.068, 2.287, 2.123, 2.155, 2.434]
  uniform          2.8671 ± 0.1627   per-fold [2.845, 3.088, 2.585, 2.914, 2.904]
  best-single      2.2386 ± 0.1372   per-fold [2.133, 2.376, 2.083, 2.174, 2.427]
  BO               2.1962 ± 0.1296   per-fold [2.064, 2.314, 2.073, 2.148, 2.383]
  best-single+ICL  2.1781 ± 0.1267   per-fold [2.034, 2.298, 2.06, 2.146, 2.352]
  BO+ICL           2.1473 ± 0.1257   per-fold [1.987, 2.242, 2.046, 2.13, 2.332]

  BO vs base (paired):        +0.1728 ± 0.0360
  BO vs best-single (paired): +0.0424 ± 0.0219
  BO vs ICL (paired):         +0.0172 ± 0.0297   [spec §4.3 baseline 2 — the kill criterion]
  BO+ICL vs ICL (paired):     +0.0661 ± 0.0274   [does the merge add anything prompting does not?]
  BO+ICL vs BO (paired):      +0.0489 ± 0.0237
  best-single+ICL vs ICL:     +0.0353 ± 0.0338   [control: is any merge enough, or the tuned one?]
  best-single picks per fold: ['2377_qwen7b', '2377_qwen7b', '2377_qwen7b', '2377_qwen7b', '152_qwen7b']
  NB: paired deltas across folds are the honest signal; at 0.5B adapters encode register not ideology, so absolute NLL gains are small (§4.4 note).
  [dump-picks] per-fold coefficients + NLLs -> specs/polis-low-resource-persona/artifacts/bo7b_picks/target_2189.json
=== [2026-08-03 06:46:45] END target 2189 rc=0 ===
