=== [2026-08-03 05:33:30] START target 2853 ===
Warning: You are sending unauthenticated requests to the HF Hub. Please set a HF_TOKEN to enable higher rate limits and faster downloads.
Loading weights:   0%|          | 0/339 [00:00<?, ?it/s]Loading weights:   1%|▏         | 5/339 [00:00<00:07, 47.22it/s]Loading weights:  16%|█▌        | 53/339 [00:00<00:01, 284.45it/s]Loading weights:  27%|██▋       | 90/339 [00:00<00:00, 316.52it/s]Loading weights:  39%|███▉      | 132/339 [00:00<00:00, 355.80it/s]Loading weights:  51%|█████     | 172/339 [00:00<00:00, 363.01it/s]Loading weights:  62%|██████▏   | 209/339 [00:00<00:00, 325.52it/s]Loading weights:  72%|███████▏  | 245/339 [00:00<00:00, 335.58it/s]Loading weights:  83%|████████▎ | 281/339 [00:00<00:00, 327.50it/s]Loading weights:  94%|█████████▍| 318/339 [00:00<00:00, 339.54it/s]Loading weights: 100%|██████████| 339/339 [00:01<00:00, 333.63it/s]
/workspace/kokkai_analysis/research/polis/bo_merge_coeffs.py:148: ExperimentalWarning: GPSampler is experimental (supported from v3.6.0). The interface can change in the future.
  return "gp", GPSampler(seed=seed, n_startup_trials=n_start)
[nested-CV] target=2853 anchors=['152_qwen7b', '2377_qwen7b', '3631_qwen7b', '5520_qwen7b'] n_groups=3 dims=12 sampler=gp budget=30 folds=5 trials/fold=40 exclude_target=False

======== nested-CV held-out NLL (unbiased, lower=better) ========
  base             2.4905 ± 0.1285   per-fold [2.715, 2.421, 2.533, 2.446, 2.338]
  ICL              2.4066 ± 0.1172   per-fold [2.612, 2.377, 2.437, 2.343, 2.263]
  uniform          2.9106 ± 0.1673   per-fold [2.991, 2.873, 3.165, 2.654, 2.871]
  best-single      2.3772 ± 0.1264   per-fold [2.536, 2.381, 2.498, 2.239, 2.232]
  BO               2.3360 ± 0.1335   per-fold [2.506, 2.327, 2.466, 2.207, 2.174]
  best-single+ICL  2.3386 ± 0.1333   per-fold [2.508, 2.359, 2.454, 2.18, 2.192]
  BO+ICL           2.3019 ± 0.1331   per-fold [2.474, 2.316, 2.417, 2.162, 2.141]

  BO vs base (paired):        +0.1546 ± 0.0661
  BO vs best-single (paired): +0.0413 ± 0.0122
  BO vs ICL (paired):         +0.0706 ± 0.0572   [spec §4.3 baseline 2 — the kill criterion]
  BO+ICL vs ICL (paired):     +0.1047 ± 0.0574   [does the merge add anything prompting does not?]
  BO+ICL vs BO (paired):      +0.0341 ± 0.0131
  best-single+ICL vs ICL:     +0.0680 ± 0.0635   [control: is any merge enough, or the tuned one?]
  best-single picks per fold: ['152_qwen7b', '152_qwen7b', '2377_qwen7b', '152_qwen7b', '2377_qwen7b']
  NB: paired deltas across folds are the honest signal; at 0.5B adapters encode register not ideology, so absolute NLL gains are small (§4.4 note).
  [dump-picks] per-fold coefficients + NLLs -> specs/polis-low-resource-persona/artifacts/bo7b_picks/target_2853.json
=== [2026-08-03 05:43:33] END target 2853 rc=0 ===
