=== [2026-08-03 02:21:35] START target 1279 ===
Warning: You are sending unauthenticated requests to the HF Hub. Please set a HF_TOKEN to enable higher rate limits and faster downloads.
Loading weights:   0%|          | 0/339 [00:00<?, ?it/s]Loading weights:   1%|▏         | 5/339 [00:00<00:07, 47.27it/s]Loading weights:  15%|█▌        | 51/339 [00:00<00:01, 273.78it/s]Loading weights:  30%|██▉       | 101/339 [00:00<00:00, 362.91it/s]Loading weights:  44%|████▎     | 148/339 [00:00<00:00, 394.04it/s]Loading weights:  55%|█████▌    | 188/339 [00:00<00:00, 386.70it/s]Loading weights:  67%|██████▋   | 227/339 [00:00<00:00, 366.04it/s]Loading weights:  78%|███████▊  | 264/339 [00:00<00:00, 365.43it/s]Loading weights:  90%|████████▉ | 304/339 [00:00<00:00, 373.62it/s]Loading weights: 100%|██████████| 339/339 [00:00<00:00, 360.22it/s]
/workspace/kokkai_analysis/research/polis/bo_merge_coeffs.py:148: ExperimentalWarning: GPSampler is experimental (supported from v3.6.0). The interface can change in the future.
  return "gp", GPSampler(seed=seed, n_startup_trials=n_start)
[nested-CV] target=1279 anchors=['152_qwen7b', '2377_qwen7b', '3631_qwen7b', '5520_qwen7b'] n_groups=3 dims=12 sampler=gp budget=30 folds=5 trials/fold=40 exclude_target=False

======== nested-CV held-out NLL (unbiased, lower=better) ========
  base             2.2684 ± 0.1004   per-fold [2.174, 2.204, 2.397, 2.385, 2.182]
  ICL              2.1762 ± 0.1062   per-fold [2.065, 2.108, 2.29, 2.319, 2.099]
  uniform          2.7448 ± 0.1101   per-fold [2.64, 2.672, 2.772, 2.947, 2.693]
  best-single      2.1701 ± 0.0908   per-fold [2.085, 2.108, 2.244, 2.312, 2.102]
  BO               2.1531 ± 0.0938   per-fold [2.064, 2.085, 2.237, 2.293, 2.086]
  best-single+ICL  2.1436 ± 0.0945   per-fold [2.043, 2.081, 2.221, 2.289, 2.084]
  BO+ICL           2.1275 ± 0.1040   per-fold [2.018, 2.056, 2.215, 2.286, 2.062]

  BO vs base (paired):        +0.1153 ± 0.0242
  BO vs best-single (paired): +0.0171 ± 0.0058
  BO vs ICL (paired):         +0.0232 ± 0.0171   [spec §4.3 baseline 2 — the kill criterion]
  BO+ICL vs ICL (paired):     +0.0487 ± 0.0148   [does the merge add anything prompting does not?]
  BO+ICL vs BO (paired):      +0.0255 ± 0.0123
  best-single+ICL vs ICL:     +0.0327 ± 0.0189   [control: is any merge enough, or the tuned one?]
  best-single picks per fold: ['2377_qwen7b', '2377_qwen7b', '2377_qwen7b', '2377_qwen7b', '2377_qwen7b']
  NB: paired deltas across folds are the honest signal; at 0.5B adapters encode register not ideology, so absolute NLL gains are small (§4.4 note).
  [dump-picks] per-fold coefficients + NLLs -> specs/polis-low-resource-persona/artifacts/bo7b_picks/target_1279.json
=== [2026-08-03 02:32:17] END target 1279 rc=0 ===
