=== [2026-08-03 07:06:32] START target 1434 ===
Warning: You are sending unauthenticated requests to the HF Hub. Please set a HF_TOKEN to enable higher rate limits and faster downloads.
Loading weights:   0%|          | 0/339 [00:00<?, ?it/s]Loading weights:   1%|          | 4/339 [00:00<00:08, 37.68it/s]Loading weights:  16%|█▌        | 53/339 [00:00<00:01, 272.39it/s]Loading weights:  27%|██▋       | 92/339 [00:00<00:00, 322.02it/s]Loading weights:  38%|███▊      | 129/339 [00:00<00:00, 340.16it/s]Loading weights:  49%|████▊     | 165/339 [00:00<00:00, 347.13it/s]Loading weights:  59%|█████▉    | 200/339 [00:00<00:00, 317.17it/s]Loading weights:  69%|██████▊   | 233/339 [00:00<00:00, 320.28it/s]Loading weights:  79%|███████▉  | 268/339 [00:00<00:00, 328.46it/s]Loading weights:  89%|████████▉ | 302/339 [00:00<00:00, 327.75it/s]Loading weights: 100%|██████████| 339/339 [00:01<00:00, 322.68it/s]
/workspace/kokkai_analysis/research/polis/bo_merge_coeffs.py:148: ExperimentalWarning: GPSampler is experimental (supported from v3.6.0). The interface can change in the future.
  return "gp", GPSampler(seed=seed, n_startup_trials=n_start)
[nested-CV] target=1434 anchors=['152_qwen7b', '2377_qwen7b', '3631_qwen7b', '5520_qwen7b'] n_groups=3 dims=12 sampler=gp budget=30 folds=5 trials/fold=40 exclude_target=False

======== nested-CV held-out NLL (unbiased, lower=better) ========
  base             2.6889 ± 0.1316   per-fold [2.685, 2.836, 2.797, 2.667, 2.459]
  ICL              2.5704 ± 0.1201   per-fold [2.537, 2.714, 2.682, 2.542, 2.378]
  uniform          3.1000 ± 0.1612   per-fold [3.046, 3.275, 3.293, 3.014, 2.872]
  best-single      2.5521 ± 0.1297   per-fold [2.516, 2.694, 2.702, 2.486, 2.362]
  BO               2.5272 ± 0.1265   per-fold [2.492, 2.67, 2.664, 2.475, 2.335]
  best-single+ICL  2.5043 ± 0.1218   per-fold [2.485, 2.653, 2.626, 2.43, 2.328]
  BO+ICL           2.4858 ± 0.1225   per-fold [2.467, 2.638, 2.604, 2.414, 2.306]

  BO vs base (paired):        +0.1617 ± 0.0287
  BO vs best-single (paired): +0.0249 ± 0.0084
  BO vs ICL (paired):         +0.0433 ± 0.0155   [spec §4.3 baseline 2 — the kill criterion]
  BO+ICL vs ICL (paired):     +0.0847 ± 0.0217   [does the merge add anything prompting does not?]
  BO+ICL vs BO (paired):      +0.0414 ± 0.0156
  best-single+ICL vs ICL:     +0.0661 ± 0.0233   [control: is any merge enough, or the tuned one?]
  best-single picks per fold: ['2377_qwen7b', '2377_qwen7b', '2377_qwen7b', '2377_qwen7b', '2377_qwen7b']
  NB: paired deltas across folds are the honest signal; at 0.5B adapters encode register not ideology, so absolute NLL gains are small (§4.4 note).
  [dump-picks] per-fold coefficients + NLLs -> specs/polis-low-resource-persona/artifacts/bo7b_picks/target_1434.json
=== [2026-08-03 07:16:30] END target 1434 rc=0 ===
