=== [2026-08-02 12:58:05] START target 2053 ===
Loading weights:   0%|          | 0/339 [00:00<?, ?it/s]Loading weights:   1%|          | 4/339 [00:00<00:08, 38.13it/s]Loading weights:  15%|█▌        | 52/339 [00:00<00:00, 289.99it/s]Loading weights:  26%|██▋       | 89/339 [00:00<00:00, 317.83it/s]Loading weights:  39%|███▊      | 131/339 [00:00<00:00, 355.72it/s]Loading weights:  52%|█████▏    | 175/339 [00:00<00:00, 384.73it/s]Loading weights:  63%|██████▎   | 214/339 [00:00<00:00, 359.81it/s]Loading weights:  76%|███████▌  | 257/339 [00:00<00:00, 364.01it/s]Loading weights:  90%|████████▉ | 305/339 [00:00<00:00, 394.53it/s]Loading weights: 100%|██████████| 339/339 [00:00<00:00, 365.11it/s]
Warning: You are sending unauthenticated requests to the HF Hub. Please set a HF_TOKEN to enable higher rate limits and faster downloads.
/workspace/kokkai_analysis/research/polis/bo_merge_coeffs.py:107: ExperimentalWarning: GPSampler is experimental (supported from v3.6.0). The interface can change in the future.
  return "gp", GPSampler(seed=seed, n_startup_trials=n_start)
target=2053  anchors=['152_qwen7b', '2377_qwen7b', '3631_qwen7b', '5520_qwen7b']  n_groups=3  dims=12  sampler=gp  train=30 test=30  exclude_target=False

================ held-out test NLL (lower=better) ================
  base (no adapter)      2.5378
  uniform merge          3.0345
  best single anchor     2.4568   (152_qwen7b)
  BO layer-group merge   2.4324   (train 2.1621)

  BO vs uniform:  +0.6021   BO vs best-single: +0.0244

best coefficients [anchor x group]:
                  g0      g1      g2
  152_qwen7b           0.144   0.000   0.229
  2377_qwen7b          0.719   0.000   0.000
  3631_qwen7b          0.000   0.000   0.000
  5520_qwen7b          0.000   0.469   0.104

===== §4.4 UTAS headline metric — target 2053 (2024HoR, 33 answered items, scoring=numeric-label) =====
  config                             MAE(E)  MAE(arg)  within1   exact
  constant(3) [midpoint]              1.455     1.455    0.333   0.212
  base                                1.609     1.576    0.667   0.182
  uniform                               1.7      2.03    0.455   0.242
  best-single(152_qwen7b)             1.819     1.848    0.515   0.212
  BO                                  1.785     1.818    0.545   0.152
  [utas-dump] per-item vectors -> specs/polis-low-resource-persona/artifacts/utas_vectors/2053_numeric.json
  NB: the constant rows answer the same value to every item — no model, no adapter, no merge. A config that does not beat them has not been shown to carry any information about this target, however good its NLL.
=== [2026-08-02 13:01:36] END target 2053 rc=0 ===
