=== [2026-08-02 12:54:34] START target 1279 ===
Warning: You are sending unauthenticated requests to the HF Hub. Please set a HF_TOKEN to enable higher rate limits and faster downloads.
Loading weights:   0%|          | 0/339 [00:00<?, ?it/s]Loading weights:   1%|▏         | 5/339 [00:00<00:07, 47.59it/s]Loading weights:  19%|█▉        | 65/339 [00:00<00:00, 362.36it/s]Loading weights:  33%|███▎      | 113/339 [00:00<00:00, 399.98it/s]Loading weights:  50%|████▉     | 168/339 [00:00<00:00, 455.35it/s]Loading weights:  63%|██████▎   | 214/339 [00:00<00:00, 419.02it/s]Loading weights:  78%|███████▊  | 263/339 [00:00<00:00, 439.75it/s]Loading weights:  93%|█████████▎| 316/339 [00:00<00:00, 459.17it/s]Loading weights: 100%|██████████| 339/339 [00:00<00:00, 427.07it/s]
/workspace/kokkai_analysis/research/polis/bo_merge_coeffs.py:107: ExperimentalWarning: GPSampler is experimental (supported from v3.6.0). The interface can change in the future.
  return "gp", GPSampler(seed=seed, n_startup_trials=n_start)
target=1279  anchors=['152_qwen7b', '2377_qwen7b', '3631_qwen7b', '5520_qwen7b']  n_groups=3  dims=12  sampler=gp  train=30 test=30  exclude_target=False

================ held-out test NLL (lower=better) ================
  base (no adapter)      2.2648
  uniform merge          2.7738
  best single anchor     2.1763   (2377_qwen7b)
  BO layer-group merge   2.1513   (train 2.1453)

  BO vs uniform:  +0.6226   BO vs best-single: +0.0250

best coefficients [anchor x group]:
                  g0      g1      g2
  152_qwen7b           0.000   0.000   0.000
  2377_qwen7b          1.500   0.000   0.000
  3631_qwen7b          0.000   0.260   0.000
  5520_qwen7b          0.000   0.000   0.714

===== §4.4 UTAS headline metric — target 1279 (2024HoR, 33 answered items, scoring=numeric-label) =====
  config                             MAE(E)  MAE(arg)  within1   exact
  constant(3) [midpoint]              1.091     1.091    0.758   0.152
  constant(2) [best in hindsight]     1.061     1.061    0.667   0.303
  base                                1.449     1.485    0.515   0.242
  uniform                             1.097     1.545    0.515   0.242
  best-single(2377_qwen7b)            1.414     1.515    0.515   0.242
  BO                                  1.406     1.515    0.545   0.212
  [utas-dump] per-item vectors -> specs/polis-low-resource-persona/artifacts/utas_vectors/1279_numeric.json
  NB: the constant rows answer the same value to every item — no model, no adapter, no merge. A config that does not beat them has not been shown to carry any information about this target, however good its NLL.
=== [2026-08-02 12:58:05] END target 1279 rc=0 ===
