=== [2026-08-04 02:44:06] START target 1279 ===
Warning: You are sending unauthenticated requests to the HF Hub. Please set a HF_TOKEN to enable higher rate limits and faster downloads.
Loading weights:   0%|          | 0/339 [00:00<?, ?it/s]Loading weights:   1%|▏         | 5/339 [00:00<00:07, 47.30it/s]Loading weights:  15%|█▌        | 52/339 [00:00<00:00, 287.93it/s]Loading weights:  29%|██▉       | 100/339 [00:00<00:00, 368.12it/s]Loading weights:  41%|████      | 138/339 [00:00<00:00, 368.92it/s]Loading weights:  54%|█████▍    | 184/339 [00:00<00:00, 398.12it/s]Loading weights:  66%|██████▌   | 224/339 [00:00<00:00, 359.69it/s]Loading weights:  79%|███████▉  | 268/339 [00:00<00:00, 375.64it/s]Loading weights:  91%|█████████ | 307/339 [00:00<00:00, 372.70it/s]Loading weights: 100%|██████████| 339/339 [00:00<00:00, 367.09it/s]
/workspace/kokkai_analysis/research/polis/bo_merge_coeffs.py:153: ExperimentalWarning: GPSampler is experimental (supported from v3.6.0). The interface can change in the future.
  return "gp", GPSampler(seed=seed, n_startup_trials=n_start)
[nested-CV] target=1279 anchors=['152_sft_qwen7b', '2377_sft_qwen7b', '3631_sft_qwen7b', '5520_sft_qwen7b'] n_groups=3 dims=12 sampler=gp budget=30 folds=5 trials/fold=40 exclude_target=False

======== nested-CV held-out NLL (unbiased, lower=better) ========
  base             2.2684 ± 0.1004   per-fold [2.174, 2.204, 2.397, 2.385, 2.182]
  ICL              2.1762 ± 0.1062   per-fold [2.065, 2.108, 2.29, 2.319, 2.099]
  uniform          2.5102 ± 0.0934   per-fold [2.418, 2.444, 2.502, 2.685, 2.501]
  best-single      2.1105 ± 0.0918   per-fold [2.017, 2.06, 2.183, 2.253, 2.039]
  BO               2.0811 ± 0.0898   per-fold [1.996, 2.039, 2.126, 2.236, 2.008]
  best-single+ICL  2.0913 ± 0.0962   per-fold [1.987, 2.042, 2.17, 2.239, 2.019]
  BO+ICL           2.0658 ± 0.0921   per-fold [1.972, 2.017, 2.118, 2.222, 2.001]

  BO vs base (paired):        +0.1872 ± 0.0430
  BO vs best-single (paired): +0.0293 ± 0.0145
  BO vs ICL (paired):         +0.0951 ± 0.0357   [spec §4.3 baseline 2 — the kill criterion]
  BO+ICL vs ICL (paired):     +0.1104 ± 0.0311   [does the merge add anything prompting does not?]
  BO+ICL vs BO (paired):      +0.0153 ± 0.0071
  best-single+ICL vs ICL:     +0.0849 ± 0.0188   [control: is any merge enough, or the tuned one?]
  best-single picks per fold: ['3631_sft_qwen7b', '3631_sft_qwen7b', '3631_sft_qwen7b', '3631_sft_qwen7b', '3631_sft_qwen7b']
  NB: paired deltas across folds are the honest signal; at 0.5B adapters encode register not ideology, so absolute NLL gains are small (§4.4 note).
  [dump-picks] per-fold coefficients + NLLs -> specs/polis-low-resource-persona/artifacts/bo7b_picks_sftanchors/target_1279.json
=== [2026-08-04 02:54:41] END target 1279 rc=0 ===
