=== [2026-08-02 07:52:53] START target 2053 ===
Warning: You are sending unauthenticated requests to the HF Hub. Please set a HF_TOKEN to enable higher rate limits and faster downloads.
Loading weights:   0%|          | 0/339 [00:00<?, ?it/s]Loading weights:   1%|          | 4/339 [00:00<00:08, 38.11it/s]Loading weights:  16%|█▌        | 54/339 [00:00<00:00, 300.46it/s]Loading weights:  30%|██▉       | 101/339 [00:00<00:00, 367.52it/s]Loading weights:  44%|████▎     | 148/339 [00:00<00:00, 394.49it/s]Loading weights:  55%|█████▌    | 188/339 [00:00<00:00, 387.06it/s]Loading weights:  67%|██████▋   | 227/339 [00:00<00:00, 369.69it/s]Loading weights:  79%|███████▉  | 268/339 [00:00<00:00, 371.01it/s]Loading weights:  90%|█████████ | 306/339 [00:00<00:00, 367.78it/s]Loading weights: 100%|██████████| 339/339 [00:00<00:00, 367.17it/s]
/workspace/kokkai_analysis/research/polis/bo_merge_coeffs.py:107: ExperimentalWarning: GPSampler is experimental (supported from v3.6.0). The interface can change in the future.
  return "gp", GPSampler(seed=seed, n_startup_trials=n_start)
target=2053  anchors=['152_qwen7b', '2377_qwen7b', '3631_qwen7b', '5520_qwen7b']  n_groups=3  dims=12  sampler=gp  train=30 test=30  exclude_target=False

================ held-out test NLL (lower=better) ================
  base (no adapter)      2.5378
  uniform merge          3.0345
  best single anchor     2.4568   (152_qwen7b)
  BO layer-group merge   2.4324   (train 2.1621)

  BO vs uniform:  +0.6021   BO vs best-single: +0.0244

best coefficients [anchor x group]:
                  g0      g1      g2
  152_qwen7b           0.144   0.000   0.229
  2377_qwen7b          0.719   0.000   0.000
  3631_qwen7b          0.000   0.000   0.000
  5520_qwen7b          0.000   0.469   0.104

===== §4.4 UTAS headline metric — target 2053 (2024HoR, 33 answered items) =====
  config                             MAE(E)  MAE(arg)  within1   exact
  base                                1.365     1.606    0.515   0.152
  uniform                             1.515     2.091    0.273   0.061
  best-single(152_qwen7b)             1.445     1.727    0.394   0.121
  BO                                  1.418     1.606    0.455   0.152
  NB: at 0.5B the UTAS metric is degenerate (E pinned ~3.0); this proves the merge→metric path, decisive numbers are a 7–8B task.
=== [2026-08-02 07:56:26] END target 2053 rc=0 ===
