=== [2026-08-02 07:49:09] START target 1279 ===
Warning: You are sending unauthenticated requests to the HF Hub. Please set a HF_TOKEN to enable higher rate limits and faster downloads.
Loading weights:   0%|          | 0/339 [00:00<?, ?it/s]Loading weights:   1%|▏         | 5/339 [00:00<00:06, 48.17it/s]Loading weights:  16%|█▌        | 54/339 [00:00<00:00, 301.40it/s]Loading weights:  29%|██▉       | 100/339 [00:00<00:00, 372.22it/s]Loading weights:  41%|████      | 138/339 [00:00<00:00, 370.21it/s]Loading weights:  54%|█████▍    | 184/339 [00:00<00:00, 401.20it/s]Loading weights:  66%|██████▋   | 225/339 [00:00<00:00, 364.29it/s]Loading weights:  78%|███████▊  | 264/339 [00:00<00:00, 371.58it/s]Loading weights:  90%|████████▉ | 305/339 [00:00<00:00, 375.26it/s]Loading weights: 100%|██████████| 339/339 [00:00<00:00, 366.09it/s]
/workspace/kokkai_analysis/research/polis/bo_merge_coeffs.py:107: ExperimentalWarning: GPSampler is experimental (supported from v3.6.0). The interface can change in the future.
  return "gp", GPSampler(seed=seed, n_startup_trials=n_start)
target=1279  anchors=['152_qwen7b', '2377_qwen7b', '3631_qwen7b', '5520_qwen7b']  n_groups=3  dims=12  sampler=gp  train=30 test=30  exclude_target=False

================ held-out test NLL (lower=better) ================
  base (no adapter)      2.2648
  uniform merge          2.7738
  best single anchor     2.1763   (2377_qwen7b)
  BO layer-group merge   2.1513   (train 2.1453)

  BO vs uniform:  +0.6226   BO vs best-single: +0.0250

best coefficients [anchor x group]:
                  g0      g1      g2
  152_qwen7b           0.000   0.000   0.000
  2377_qwen7b          1.500   0.000   0.000
  3631_qwen7b          0.000   0.260   0.000
  5520_qwen7b          0.000   0.000   0.714

===== §4.4 UTAS headline metric — target 1279 (2024HoR, 33 answered items) =====
  config                             MAE(E)  MAE(arg)  within1   exact
  base                                1.375     1.606    0.424   0.273
  uniform                             1.089     1.545    0.576   0.121
  best-single(2377_qwen7b)            1.301     1.515    0.606   0.121
  BO                                   1.33     1.545    0.576   0.152
  NB: at 0.5B the UTAS metric is degenerate (E pinned ~3.0); this proves the merge→metric path, decisive numbers are a 7–8B task.
=== [2026-08-02 07:52:53] END target 1279 rc=0 ===
