=== [2026-08-02 07:56:26] START target 2289 ===
Warning: You are sending unauthenticated requests to the HF Hub. Please set a HF_TOKEN to enable higher rate limits and faster downloads.
Loading weights:   0%|          | 0/339 [00:00<?, ?it/s]Loading weights:   1%|▏         | 5/339 [00:00<00:07, 47.65it/s]Loading weights:  16%|█▌        | 53/339 [00:00<00:00, 289.36it/s]Loading weights:  26%|██▋       | 89/339 [00:00<00:00, 314.25it/s]Loading weights:  39%|███▊      | 131/339 [00:00<00:00, 352.90it/s]Loading weights:  51%|█████     | 172/339 [00:00<00:00, 341.71it/s]Loading weights:  61%|██████▏   | 208/339 [00:00<00:00, 338.56it/s]Loading weights:  72%|███████▏  | 244/339 [00:00<00:00, 340.94it/s]Loading weights:  83%|████████▎ | 280/339 [00:00<00:00, 332.08it/s]Loading weights:  93%|█████████▎| 316/339 [00:00<00:00, 333.90it/s]Loading weights: 100%|██████████| 339/339 [00:01<00:00, 335.16it/s]
/workspace/kokkai_analysis/research/polis/bo_merge_coeffs.py:107: ExperimentalWarning: GPSampler is experimental (supported from v3.6.0). The interface can change in the future.
  return "gp", GPSampler(seed=seed, n_startup_trials=n_start)
target=2289  anchors=['152_qwen7b', '2377_qwen7b', '3631_qwen7b', '5520_qwen7b']  n_groups=3  dims=12  sampler=gp  train=30 test=30  exclude_target=False

================ held-out test NLL (lower=better) ================
  base (no adapter)      2.6608
  uniform merge          3.1101
  best single anchor     2.5651   (2377_qwen7b)
  BO layer-group merge   2.5425   (train 2.4152)

  BO vs uniform:  +0.5676   BO vs best-single: +0.0226

best coefficients [anchor x group]:
                  g0      g1      g2
  152_qwen7b           0.000   0.000   0.000
  2377_qwen7b          1.500   0.000   0.404
  3631_qwen7b          0.000   0.000   0.000
  5520_qwen7b          0.000   0.000   0.546

===== §4.4 UTAS headline metric — target 2289 (2024HoR, 33 answered items) =====
  config                             MAE(E)  MAE(arg)  within1   exact
  base                                1.136     1.455    0.636   0.121
  uniform                             1.068     1.424    0.545   0.182
  best-single(2377_qwen7b)            1.155     1.485    0.485   0.182
  BO                                  1.152     1.576    0.455   0.152
  NB: at 0.5B the UTAS metric is degenerate (E pinned ~3.0); this proves the merge→metric path, decisive numbers are a 7–8B task.
=== [2026-08-02 07:59:56] END target 2289 rc=0 ===
