=== [2026-08-04 03:04:58] START target 2289 ===
Warning: You are sending unauthenticated requests to the HF Hub. Please set a HF_TOKEN to enable higher rate limits and faster downloads.
Loading weights:   0%|          | 0/339 [00:00<?, ?it/s]Loading weights:   1%|          | 4/339 [00:00<00:08, 39.68it/s]Loading weights:  16%|█▌        | 54/339 [00:00<00:00, 298.90it/s]Loading weights:  30%|███       | 102/339 [00:00<00:00, 369.65it/s]Loading weights:  44%|████▍     | 150/339 [00:00<00:00, 400.72it/s]Loading weights:  58%|█████▊    | 196/339 [00:00<00:00, 405.95it/s]Loading weights:  70%|██████▉   | 237/339 [00:00<00:00, 393.55it/s]Loading weights:  83%|████████▎ | 280/339 [00:00<00:00, 401.64it/s]Loading weights:  95%|█████████▍| 321/339 [00:00<00:00, 404.07it/s]Loading weights: 100%|██████████| 339/339 [00:00<00:00, 386.92it/s]
/workspace/kokkai_analysis/research/polis/bo_merge_coeffs.py:153: ExperimentalWarning: GPSampler is experimental (supported from v3.6.0). The interface can change in the future.
  return "gp", GPSampler(seed=seed, n_startup_trials=n_start)
[nested-CV] target=2289 anchors=['152_sft_qwen7b', '2377_sft_qwen7b', '3631_sft_qwen7b', '5520_sft_qwen7b'] n_groups=3 dims=12 sampler=gp budget=30 folds=5 trials/fold=40 exclude_target=False

======== nested-CV held-out NLL (unbiased, lower=better) ========
  base             2.5302 ± 0.1516   per-fold [2.675, 2.555, 2.693, 2.439, 2.289]
  ICL              2.4538 ± 0.1955   per-fold [2.626, 2.486, 2.652, 2.395, 2.11]
  uniform          2.7592 ± 0.1769   per-fold [2.854, 2.712, 3.016, 2.737, 2.478]
  best-single      2.3388 ± 0.1784   per-fold [2.469, 2.281, 2.576, 2.316, 2.053]
  BO               2.3240 ± 0.1598   per-fold [2.433, 2.278, 2.54, 2.303, 2.066]
  best-single+ICL  2.3287 ± 0.1854   per-fold [2.473, 2.263, 2.56, 2.324, 2.023]
  BO+ICL           2.3159 ± 0.1701   per-fold [2.446, 2.267, 2.525, 2.311, 2.03]

  BO vs base (paired):        +0.2063 ± 0.0535
  BO vs best-single (paired): +0.0148 ± 0.0192
  BO vs ICL (paired):         +0.1298 ± 0.0618   [spec §4.3 baseline 2 — the kill criterion]
  BO+ICL vs ICL (paired):     +0.1380 ± 0.0543   [does the merge add anything prompting does not?]
  BO+ICL vs BO (paired):      +0.0081 ± 0.0177
  best-single+ICL vs ICL:     +0.1251 ± 0.0562   [control: is any merge enough, or the tuned one?]
  best-single picks per fold: ['5520_sft_qwen7b', '5520_sft_qwen7b', '5520_sft_qwen7b', '5520_sft_qwen7b', '5520_sft_qwen7b']
  NB: paired deltas across folds are the honest signal; at 0.5B adapters encode register not ideology, so absolute NLL gains are small (§4.4 note).
  [dump-picks] per-fold coefficients + NLLs -> specs/polis-low-resource-persona/artifacts/bo7b_picks_sftanchors/target_2289.json
=== [2026-08-04 03:15:17] END target 2289 rc=0 ===
